Archive member included to satisfy reference by file (symbol)

c:/vsarm/armcc/102021~1.10/bin/../lib/gcc/arm-none-eabi/10.3.1/thumb/v6-m/nofp\libgcc.a(_dvmd_tls.o)
                              CMakeFiles/PiPico_NRF24.dir/C_/VSARM/sdk/pico/pico-sdk/src/rp2_common/pico_divider/divider.S.obj (__aeabi_idiv0)
c:/vsarm/armcc/102021~1.10/bin/../lib/gcc/arm-none-eabi/10.3.1/../../../../arm-none-eabi/lib/thumb/v6-m/nofp\libg.a(lib_a-calloc.o)
                              CMakeFiles/PiPico_NRF24.dir/C_/VSARM/sdk/pico/pico-sdk/src/rp2_common/pico_malloc/pico_malloc.c.obj (calloc)
c:/vsarm/armcc/102021~1.10/bin/../lib/gcc/arm-none-eabi/10.3.1/../../../../arm-none-eabi/lib/thumb/v6-m/nofp\libg.a(lib_a-callocr.o)
                              c:/vsarm/armcc/102021~1.10/bin/../lib/gcc/arm-none-eabi/10.3.1/../../../../arm-none-eabi/lib/thumb/v6-m/nofp\libg.a(lib_a-calloc.o) (_calloc_r)
c:/vsarm/armcc/102021~1.10/bin/../lib/gcc/arm-none-eabi/10.3.1/../../../../arm-none-eabi/lib/thumb/v6-m/nofp\libg.a(lib_a-ctype_.o)
                              CMakeFiles/PiPico_NRF24.dir/C_/VSARM/sdk/pico/pico-sdk/lib/tinyusb/src/tusb.c.obj (_ctype_)
c:/vsarm/armcc/102021~1.10/bin/../lib/gcc/arm-none-eabi/10.3.1/../../../../arm-none-eabi/lib/thumb/v6-m/nofp\libg.a(lib_a-errno.o)
                              c:/vsarm/armcc/102021~1.10/bin/../lib/gcc/arm-none-eabi/10.3.1/../../../../arm-none-eabi/lib/thumb/v6-m/nofp\libg.a(lib_a-callocr.o) (__errno)
c:/vsarm/armcc/102021~1.10/bin/../lib/gcc/arm-none-eabi/10.3.1/../../../../arm-none-eabi/lib/thumb/v6-m/nofp\libg.a(lib_a-impure.o)
                              c:/vsarm/armcc/102021~1.10/bin/../lib/gcc/arm-none-eabi/10.3.1/../../../../arm-none-eabi/lib/thumb/v6-m/nofp\libg.a(lib_a-calloc.o) (_impure_ptr)
c:/vsarm/armcc/102021~1.10/bin/../lib/gcc/arm-none-eabi/10.3.1/../../../../arm-none-eabi/lib/thumb/v6-m/nofp\libg.a(lib_a-init.o)
                              c:/vsarm/armcc/102021~1.10/bin/../lib/gcc/arm-none-eabi/10.3.1/../../../../arm-none-eabi/lib/thumb/v6-m/nofp/crt0.o (__libc_init_array)
c:/vsarm/armcc/102021~1.10/bin/../lib/gcc/arm-none-eabi/10.3.1/../../../../arm-none-eabi/lib/thumb/v6-m/nofp\libg.a(lib_a-malloc.o)
                              CMakeFiles/PiPico_NRF24.dir/C_/VSARM/sdk/pico/pico-sdk/src/rp2_common/pico_malloc/pico_malloc.c.obj (malloc)
c:/vsarm/armcc/102021~1.10/bin/../lib/gcc/arm-none-eabi/10.3.1/../../../../arm-none-eabi/lib/thumb/v6-m/nofp\libg.a(lib_a-mallocr.o)
                              c:/vsarm/armcc/102021~1.10/bin/../lib/gcc/arm-none-eabi/10.3.1/../../../../arm-none-eabi/lib/thumb/v6-m/nofp\libg.a(lib_a-callocr.o) (_malloc_r)
c:/vsarm/armcc/102021~1.10/bin/../lib/gcc/arm-none-eabi/10.3.1/../../../../arm-none-eabi/lib/thumb/v6-m/nofp\libg.a(lib_a-mlock.o)
                              c:/vsarm/armcc/102021~1.10/bin/../lib/gcc/arm-none-eabi/10.3.1/../../../../arm-none-eabi/lib/thumb/v6-m/nofp\libg.a(lib_a-mallocr.o) (__malloc_lock)
c:/vsarm/armcc/102021~1.10/bin/../lib/gcc/arm-none-eabi/10.3.1/../../../../arm-none-eabi/lib/thumb/v6-m/nofp\libg.a(lib_a-realloc.o)
                              CMakeFiles/PiPico_NRF24.dir/C_/VSARM/sdk/pico/pico-sdk/src/rp2_common/pico_malloc/pico_malloc.c.obj (realloc)
c:/vsarm/armcc/102021~1.10/bin/../lib/gcc/arm-none-eabi/10.3.1/../../../../arm-none-eabi/lib/thumb/v6-m/nofp\libg.a(lib_a-reallocr.o)
                              c:/vsarm/armcc/102021~1.10/bin/../lib/gcc/arm-none-eabi/10.3.1/../../../../arm-none-eabi/lib/thumb/v6-m/nofp\libg.a(lib_a-realloc.o) (_realloc_r)
c:/vsarm/armcc/102021~1.10/bin/../lib/gcc/arm-none-eabi/10.3.1/../../../../arm-none-eabi/lib/thumb/v6-m/nofp\libg.a(lib_a-sbrkr.o)
                              c:/vsarm/armcc/102021~1.10/bin/../lib/gcc/arm-none-eabi/10.3.1/../../../../arm-none-eabi/lib/thumb/v6-m/nofp\libg.a(lib_a-mallocr.o) (_sbrk_r)
c:/vsarm/armcc/102021~1.10/bin/../lib/gcc/arm-none-eabi/10.3.1/../../../../arm-none-eabi/lib/thumb/v6-m/nofp\libg.a(lib_a-strlen-stub.o)
                              CMakeFiles/PiPico_NRF24.dir/C_/VSARM/sdk/pico/pico-sdk/src/rp2_common/pico_stdio/stdio.c.obj (strlen)
c:/vsarm/armcc/102021~1.10/bin/../lib/gcc/arm-none-eabi/10.3.1/../../../../arm-none-eabi/lib/thumb/v6-m/nofp\libg.a(lib_a-freer.o)
                              c:/vsarm/armcc/102021~1.10/bin/../lib/gcc/arm-none-eabi/10.3.1/../../../../arm-none-eabi/lib/thumb/v6-m/nofp\libg.a(lib_a-malloc.o) (_free_r)
c:/vsarm/armcc/102021~1.10/bin/../lib/gcc/arm-none-eabi/10.3.1/../../../../arm-none-eabi/lib/thumb/v6-m/nofp\libg.a(lib_a-lock.o)
                              c:/vsarm/armcc/102021~1.10/bin/../lib/gcc/arm-none-eabi/10.3.1/../../../../arm-none-eabi/lib/thumb/v6-m/nofp\libg.a(lib_a-mlock.o) (__retarget_lock_acquire_recursive)
c:/vsarm/armcc/102021~1.10/bin/../lib/gcc/arm-none-eabi/10.3.1/../../../../arm-none-eabi/lib/thumb/v6-m/nofp\libg.a(lib_a-memmove.o)
[...]
Memory Configuration

Name             Origin             Length             Attributes
FLASH            0x10000000         0x00200000         xr
RAM              0x20000000         0x00040000         xrw
SCRATCH_X        0x20040000         0x00001000         xrw
SCRATCH_Y        0x20041000         0x00001000         xrw
*default*        0x00000000         0xffffffff

Linker script and memory map

LOAD c:/vsarm/armcc/102021~1.10/bin/../lib/gcc/arm-none-eabi/10.3.1/thumb/v6-m/nofp/crti.o
LOAD c:/vsarm/armcc/102021~1.10/bin/../lib/gcc/arm-none-eabi/10.3.1/thumb/v6-m/nofp/crtbegin.o
LOAD c:/vsarm/armcc/102021~1.10/bin/../lib/gcc/arm-none-eabi/10.3.1/../../../../arm-none-eabi/lib/thumb/v6-m/nofp/crt0.o

.flash_begin    0x10000000        0x0
                0x10000000                __flash_binary_start = .

.boot2          0x10000000      0x100
                0x10000000                __boot2_start__ = .
 *(.boot2)
 .boot2         0x10000000      0x100 C:\Users\leone\AppData\Local\Temp\ccKkTZ2v.o
                0x10000100                __boot2_end__ = .
                0x00000001                ASSERT (((__boot2_end__ - __boot2_start__) == 0x100), ERROR: Pico second stage bootloader must be 256 bytes in size)

.text           0x10000100     0x7ab8
                0x10000100                __logical_binary_start = .
 *(.vectors)
 .vectors       0x10000100       0xd4 CMakeFiles/PiPico_NRF24.dir/C_/VSARM/sdk/pico/pico-sdk/src/rp2_common/pico_standard_link/crt0.S.obj
                0x10000100                __VECTOR_TABLE
                0x10000100                __vectors
                0x100001c0                isr_invalid
                0x100001c0                __default_isrs_start
                0x100001c2                isr_nmi
                0x100001c4                isr_hardfault
                0x100001c6                isr_svcall
                0x100001c8                isr_pendsv
                0x100001ca                isr_systick
                0x100001cc                isr_irq23
                0x100001cc                isr_irq18
                0x100001cc                isr_irq11
                0x100001cc                isr_irq28
                0x100001cc                isr_irq19
                0x100001cc                isr_irq0
                0x100001cc                isr_irq6
                0x100001cc                isr_irq5
                0x100001cc                isr_irq12
                0x100001cc                isr_irq22
                0x100001cc                isr_irq31
                0x100001cc                isr_irq17
                0x100001cc                isr_irq27
                0x100001cc                isr_irq30
                0x100001cc                isr_irq2
                0x100001cc                isr_irq10
                0x100001cc                isr_irq8
                0x100001cc                isr_irq24
                0x100001cc                isr_irq1
                0x100001cc                isr_irq7
                0x100001cc                isr_irq21
                0x100001cc                isr_irq20
                0x100001cc                isr_irq15
                0x100001cc                isr_irq25
                0x100001cc                isr_irq13
                0x100001cc                __unhandled_user_irq
                0x100001cc                isr_irq4
                0x100001cc                isr_irq16
                0x100001cc                isr_irq29
                0x100001cc                isr_irq26
                0x100001cc                __default_isrs_end
                0x100001cc                isr_irq3
                0x100001cc                isr_irq14
                0x100001cc                isr_irq9
                0x100001d2                unhandled_user_irq_num_in_r0
 *(.binary_info_header)
 .binary_info_header
                0x100001d4       0x14 CMakeFiles/PiPico_NRF24.dir/C_/VSARM/sdk/pico/pico-sdk/src/rp2_common/pico_standard_link/crt0.S.obj
                0x100001e8                __binary_info_header_end = .
 *(.reset)
 .reset         0x100001e8       0xa8 CMakeFiles/PiPico_NRF24.dir/C_/VSARM/sdk/pico/pico-sdk/src/rp2_common/pico_standard_link/crt0.S.obj
                0x100001e8                _entry_point
                0x10000266                __get_current_exception
 .reset         0x10000290       0x30 CMakeFiles/PiPico_NRF24.dir/C_/VSARM/sdk/pico/pico-sdk/src/rp2_common/pico_standard_link/binary_info.c.obj
 *(.init)
 .init          0x100002c0        0x4 c:/vsarm/armcc/102021~1.10/bin/../lib/gcc/arm-none-eabi/10.3.1/thumb/v6-m/nofp/crti.o
                0x100002c0                _init
 *(EXCLUDE_FILE(*libm.a: *libc.a:*lib_a-mem*.o *libgcc.a:) .text*)
 .text          0x100002c4       0x48 c:/vsarm/armcc/102021~1.10/bin/../lib/gcc/arm-none-eabi/10.3.1/thumb/v6-m/nofp/crtbegin.o
 .text.gpio_toggle
                0x1000030c       0x1e CMakeFiles/PiPico_NRF24.dir/main.c.obj
                0x1000030c                gpio_toggle
 *fill*         0x1000032a        0x2 
 .text.main     0x1000032c      0x160 CMakeFiles/PiPico_NRF24.dir/main.c.obj
                0x1000032c                main
 .text.nrf24_CE_enable
                0x1000048c        0xe CMakeFiles/PiPico_NRF24.dir/nrf24l01.c.obj
 .text.nrf24_CE_disable
                0x1000049a        0xe CMakeFiles/PiPico_NRF24.dir/nrf24l01.c.obj
 .text.nrf24_CSN_enable
                0x100004a8        0xe CMakeFiles/PiPico_NRF24.dir/nrf24l01.c.obj
 .text.nrf24_CSN_disable
                0x100004b6        0xe CMakeFiles/PiPico_NRF24.dir/nrf24l01.c.obj
 .text.nrf24_writeReg
                0x100004c4       0x32 CMakeFiles/PiPico_NRF24.dir/nrf24l01.c.obj
 .text.nrf24_writeRegMulti
                0x100004f6       0x42 CMakeFiles/PiPico_NRF24.dir/nrf24l01.c.obj
 .text.nrf24_reset
                0x10000538      0x154 CMakeFiles/PiPico_NRF24.dir/nrf24l01.c.obj
 .text.nrf_sendCmd
                0x1000068c       0x2c CMakeFiles/PiPico_NRF24.dir/nrf24l01.c.obj
 .text.nrf24_readReg
                0x100006b8       0x44 CMakeFiles/PiPico_NRF24.dir/nrf24l01.c.obj
 .text.nrf24_setDataRate
                0x100006fc       0x60 CMakeFiles/PiPico_NRF24.dir/nrf24l01.c.obj
                0x100006fc                nrf24_setDataRate
 .text.nrf24_setPALevel
                0x1000075c       0x6e CMakeFiles/PiPico_NRF24.dir/nrf24l01.c.obj
                0x1000075c                nrf24_setPALevel
 .text.nrf24_setChannel
                0x100007ca       0x1c CMakeFiles/PiPico_NRF24.dir/nrf24l01.c.obj
                0x100007ca                nrf24_setChannel
 .text.nrf24_setMode
                0x100007e6       0x72 CMakeFiles/PiPico_NRF24.dir/nrf24l01.c.obj
                0x100007e6                nrf24_setMode
 .text.nrf24_init
                0x10000858       0x66 CMakeFiles/PiPico_NRF24.dir/nrf24l01.c.obj
                0x10000858                nrf24_init
 .text.nrf24_setTxAddr
                0x100008be       0x1e CMakeFiles/PiPico_NRF24.dir/nrf24l01.c.obj
                0x100008be                nrf24_setTxAddr
 .text.nrf24_Transmit
                0x100008dc       0x8a CMakeFiles/PiPico_NRF24.dir/nrf24l01.c.obj
                0x100008dc                nrf24_Transmit
 *fill*         0x10000966        0x2 
 .text.gpio_set_function
                0x10000968       0x30 CMakeFiles/PiPico_NRF24.dir/C_/VSARM/sdk/pico/pico-sdk/src/rp2_common/hardware_gpio/gpio.c.obj
                0x10000968                gpio_set_function
 .text.gpio_set_pulls
                0x10000998       0x34 CMakeFiles/PiPico_NRF24.dir/C_/VSARM/sdk/pico/pico-sdk/src/rp2_common/hardware_gpio/gpio.c.obj
                0x10000998                gpio_set_pulls
 .text.gpio_set_input_enabled
                0x100009cc       0x30 CMakeFiles/PiPico_NRF24.dir/C_/VSARM/sdk/pico/pico-sdk/src/rp2_common/hardware_gpio/gpio.c.obj
                0x100009cc                gpio_set_input_enabled
 .text.gpio_init
                0x100009fc       0x16 CMakeFiles/PiPico_NRF24.dir/C_/VSARM/sdk/pico/pico-sdk/src/rp2_common/hardware_gpio/gpio.c.obj
                0x100009fc                gpio_init
 *fill*         0x10000a12        0x2 
 .text.hw_claim_lock
                0x10000a14       0x18 CMakeFiles/PiPico_NRF24.dir/C_/VSARM/sdk/pico/pico-sdk/src/rp2_common/hardware_claim/claim.c.obj
                0x10000a14                hw_claim_lock
 .text.hw_claim_unlock
                0x10000a2c       0x14 CMakeFiles/PiPico_NRF24.dir/C_/VSARM/sdk/pico/pico-sdk/src/rp2_common/hardware_claim/claim.c.obj
                0x10000a2c                hw_claim_unlock
 .text.hw_claim_or_assert
                0x10000a40       0x32 CMakeFiles/PiPico_NRF24.dir/C_/VSARM/sdk/pico/pico-sdk/src/rp2_common/hardware_claim/claim.c.obj
                0x10000a40                hw_claim_or_assert
 .text.hw_claim_unused_from_range
                0x10000a72       0x50 CMakeFiles/PiPico_NRF24.dir/C_/VSARM/sdk/pico/pico-sdk/src/rp2_common/hardware_claim/claim.c.obj
                0x10000a72                hw_claim_unused_from_range
 *fill*         0x10000ac2        0x2 
 .text.running_on_fpga
                0x10000ac4       0x14 CMakeFiles/PiPico_NRF24.dir/C_/VSARM/sdk/pico/pico-sdk/src/rp2_common/pico_platform/platform.c.obj
                0x10000ac4                running_on_fpga
 .text.spin_locks_reset
                0x10000ad8       0x20 CMakeFiles/PiPico_NRF24.dir/C_/VSARM/sdk/pico/pico-sdk/src/rp2_common/hardware_sync/sync.c.obj
                0x10000ad8                spin_locks_reset
 .text.next_striped_spin_lock_num
                0x10000af8       0x1c CMakeFiles/PiPico_NRF24.dir/C_/VSARM/sdk/pico/pico-sdk/src/rp2_common/hardware_sync/sync.c.obj
                0x10000af8                next_striped_spin_lock_num
 .text.spin_lock_claim_unused
                0x10000b14       0x20 CMakeFiles/PiPico_NRF24.dir/C_/VSARM/sdk/pico/pico-sdk/src/rp2_common/hardware_sync/sync.c.obj
                0x10000b14                spin_lock_claim_unused
 .text.set_raw_irq_handler_and_unlock
                0x10000b34       0x28 CMakeFiles/PiPico_NRF24.dir/C_/VSARM/sdk/pico/pico-sdk/src/rp2_common/hardware_irq/irq.c.obj
 .text.make_branch
                0x10000b5c       0x48 CMakeFiles/PiPico_NRF24.dir/C_/VSARM/sdk/pico/pico-sdk/src/rp2_common/hardware_irq/irq.c.obj
 .text.insert_branch_and_link
                0x10000ba4       0x40 CMakeFiles/PiPico_NRF24.dir/C_/VSARM/sdk/pico/pico-sdk/src/rp2_common/hardware_irq/irq.c.obj
 .text.irq_is_enabled
                0x10000be4       0x18 CMakeFiles/PiPico_NRF24.dir/C_/VSARM/sdk/pico/pico-sdk/src/rp2_common/hardware_irq/irq.c.obj
                0x10000be4                irq_is_enabled
 .text.irq_set_mask_enabled
                0x10000bfc       0x20 CMakeFiles/PiPico_NRF24.dir/C_/VSARM/sdk/pico/pico-sdk/src/rp2_common/hardware_irq/irq.c.obj
                0x10000bfc                irq_set_mask_enabled
 .text.irq_set_enabled
                0x10000c1c        0xe CMakeFiles/PiPico_NRF24.dir/C_/VSARM/sdk/pico/pico-sdk/src/rp2_common/hardware_irq/irq.c.obj
                0x10000c1c                irq_set_enabled
 *fill*         0x10000c2a        0x2 
 .text.irq_set_pending
                0x10000c2c       0x10 CMakeFiles/PiPico_NRF24.dir/C_/VSARM/sdk/pico/pico-sdk/src/rp2_common/hardware_irq/irq.c.obj
                0x10000c2c                irq_set_pending
 .text.irq_get_vtable_handler
                0x10000c3c       0x10 CMakeFiles/PiPico_NRF24.dir/C_/VSARM/sdk/pico/pico-sdk/src/rp2_common/hardware_irq/irq.c.obj
                0x10000c3c                irq_get_vtable_handler
 .text.irq_has_shared_handler
                0x10000c4c       0x24 CMakeFiles/PiPico_NRF24.dir/C_/VSARM/sdk/pico/pico-sdk/src/rp2_common/hardware_irq/irq.c.obj
                0x10000c4c                irq_has_shared_handler
 .text.irq_set_exclusive_handler
                0x10000c70       0x54 CMakeFiles/PiPico_NRF24.dir/C_/VSARM/sdk/pico/pico-sdk/src/rp2_common/hardware_irq/irq.c.obj
                0x10000c70                irq_set_exclusive_handler
 .text.irq_add_shared_handler
                0x10000cc4      0x230 CMakeFiles/PiPico_NRF24.dir/C_/VSARM/sdk/pico/pico-sdk/src/rp2_common/hardware_irq/irq.c.obj
                0x10000cc4                irq_add_shared_handler
 .text.irq_remove_handler
                0x10000ef4      0x1a8 CMakeFiles/PiPico_NRF24.dir/C_/VSARM/sdk/pico/pico-sdk/src/rp2_common/hardware_irq/irq.c.obj
                0x10000ef4                irq_remove_handler
 .text.irq_add_tail_to_free_list
                0x1000109c       0xf0 CMakeFiles/PiPico_NRF24.dir/C_/VSARM/sdk/pico/pico-sdk/src/rp2_common/hardware_irq/irq.c.obj
                0x1000109c                irq_add_tail_to_free_list
 .text.irq_init_priorities
                0x1000118c       0x1c CMakeFiles/PiPico_NRF24.dir/C_/VSARM/sdk/pico/pico-sdk/src/rp2_common/hardware_irq/irq.c.obj
                0x1000118c                irq_init_priorities
 .text.user_irq_claim_unused
                0x100011a8       0x30 CMakeFiles/PiPico_NRF24.dir/C_/VSARM/sdk/pico/pico-sdk/src/rp2_common/hardware_irq/irq.c.obj
                0x100011a8                user_irq_claim_unused
 .text.lock_init
                0x100011d8       0x10 CMakeFiles/PiPico_NRF24.dir/C_/VSARM/sdk/pico/pico-sdk/src/common/pico_sync/lock_core.c.obj
                0x100011d8                lock_init
 .text.alarm_pool_post_alloc_init
                0x100011e8       0x40 CMakeFiles/PiPico_NRF24.dir/C_/VSARM/sdk/pico/pico-sdk/src/common/pico_time/time.c.obj
 .text.sleep_until_callback
                0x10001228       0x30 CMakeFiles/PiPico_NRF24.dir/C_/VSARM/sdk/pico/pico-sdk/src/common/pico_time/time.c.obj
 .text.timer_pool_entry_comparator
                0x10001258       0x7c CMakeFiles/PiPico_NRF24.dir/C_/VSARM/sdk/pico/pico-sdk/src/common/pico_time/time.c.obj
                0x10001258                timer_pool_entry_comparator
 .text.ph_add_child_node
                0x100012d4       0xa4 CMakeFiles/PiPico_NRF24.dir/C_/VSARM/sdk/pico/pico-sdk/src/common/pico_time/time.c.obj
 .text.ph_merge_nodes
                0x10001378       0x3e CMakeFiles/PiPico_NRF24.dir/C_/VSARM/sdk/pico/pico-sdk/src/common/pico_time/time.c.obj
 *fill*         0x100013b6        0x2 
 .text.add_alarm_under_lock
                0x100013b8      0x174 CMakeFiles/PiPico_NRF24.dir/C_/VSARM/sdk/pico/pico-sdk/src/common/pico_time/time.c.obj
 .text.alarm_pool_alarm_callback
                0x1000152c      0x328 CMakeFiles/PiPico_NRF24.dir/C_/VSARM/sdk/pico/pico-sdk/src/common/pico_time/time.c.obj
 .text.alarm_pool_init_default
                0x10001854       0x38 CMakeFiles/PiPico_NRF24.dir/C_/VSARM/sdk/pico/pico-sdk/src/common/pico_time/time.c.obj
                0x10001854                alarm_pool_init_default
 .text.alarm_pool_get_default
                0x1000188c       0x2c CMakeFiles/PiPico_NRF24.dir/C_/VSARM/sdk/pico/pico-sdk/src/common/pico_time/time.c.obj
                0x1000188c                alarm_pool_get_default
 .text.alarm_pool_add_alarm_at
                0x100018b8      0x170 CMakeFiles/PiPico_NRF24.dir/C_/VSARM/sdk/pico/pico-sdk/src/common/pico_time/time.c.obj
                0x100018b8                alarm_pool_add_alarm_at
 .text.alarm_pool_cancel_alarm
                0x10001a28       0xf0 CMakeFiles/PiPico_NRF24.dir/C_/VSARM/sdk/pico/pico-sdk/src/common/pico_time/time.c.obj
                0x10001a28                alarm_pool_cancel_alarm
 .text.sleep_until
                0x10001b18       0xfc CMakeFiles/PiPico_NRF24.dir/C_/VSARM/sdk/pico/pico-sdk/src/common/pico_time/time.c.obj
                0x10001b18                sleep_until
 .text.sleep_us
                0x10001c14       0x58 CMakeFiles/PiPico_NRF24.dir/C_/VSARM/sdk/pico/pico-sdk/src/common/pico_time/time.c.obj
                0x10001c14                sleep_us
 .text.sleep_ms
                0x10001c6c       0x14 CMakeFiles/PiPico_NRF24.dir/C_/VSARM/sdk/pico/pico-sdk/src/common/pico_time/time.c.obj
                0x10001c6c                sleep_ms
 .text.best_effort_wfe_or_timeout
                0x10001c80       0x80 CMakeFiles/PiPico_NRF24.dir/C_/VSARM/sdk/pico/pico-sdk/src/common/pico_time/time.c.obj
                0x10001c80                best_effort_wfe_or_timeout
 .text.hardware_alarm_irq_handler
                0x10001d00       0x8c CMakeFiles/PiPico_NRF24.dir/C_/VSARM/sdk/pico/pico-sdk/src/rp2_common/hardware_timer/timer.c.obj
 .text.hardware_alarm_claim
                0x10001d8c       0x18 CMakeFiles/PiPico_NRF24.dir/C_/VSARM/sdk/pico/pico-sdk/src/rp2_common/hardware_timer/timer.c.obj
                0x10001d8c                hardware_alarm_claim
 .text.time_us_64
                0x10001da4       0x18 CMakeFiles/PiPico_NRF24.dir/C_/VSARM/sdk/pico/pico-sdk/src/rp2_common/hardware_timer/timer.c.obj
                0x10001da4                time_us_64
 .text.busy_wait_until
                0x10001dbc       0x28 CMakeFiles/PiPico_NRF24.dir/C_/VSARM/sdk/pico/pico-sdk/src/rp2_common/hardware_timer/timer.c.obj
                0x10001dbc                busy_wait_until
 .text.hardware_alarm_set_callback
                0x10001de4       0x90 CMakeFiles/PiPico_NRF24.dir/C_/VSARM/sdk/pico/pico-sdk/src/rp2_common/hardware_timer/timer.c.obj
                0x10001de4                hardware_alarm_set_callback
 .text.hardware_alarm_set_target
                0x10001e74       0xe8 CMakeFiles/PiPico_NRF24.dir/C_/VSARM/sdk/pico/pico-sdk/src/rp2_common/hardware_timer/timer.c.obj
                0x10001e74                hardware_alarm_set_target
 .text.hardware_alarm_cancel
                0x10001f5c       0x40 CMakeFiles/PiPico_NRF24.dir/C_/VSARM/sdk/pico/pico-sdk/src/rp2_common/hardware_timer/timer.c.obj
                0x10001f5c                hardware_alarm_cancel
 .text.ph_add_child_node
                0x10001f9c       0xa4 CMakeFiles/PiPico_NRF24.dir/C_/VSARM/sdk/pico/pico-sdk/src/common/pico_util/pheap.c.obj
 .text.ph_merge_nodes
                0x10002040       0x3e CMakeFiles/PiPico_NRF24.dir/C_/VSARM/sdk/pico/pico-sdk/src/common/pico_util/pheap.c.obj
 *fill*         0x1000207e        0x2 
 .text.ph_clear
                0x10002080       0x70 CMakeFiles/PiPico_NRF24.dir/C_/VSARM/sdk/pico/pico-sdk/src/common/pico_util/pheap.c.obj
                0x10002080                ph_clear
 .text.ph_post_alloc_init
                0x100020f0        0xe CMakeFiles/PiPico_NRF24.dir/C_/VSARM/sdk/pico/pico-sdk/src/common/pico_util/pheap.c.obj
                0x100020f0                ph_post_alloc_init
 *fill*         0x100020fe        0x2 
 .text.ph_merge_two_pass
                0x10002100       0xa8 CMakeFiles/PiPico_NRF24.dir/C_/VSARM/sdk/pico/pico-sdk/src/common/pico_util/pheap.c.obj
                0x10002100                ph_merge_two_pass
 .text.ph_remove_any_head
                0x100021a8      0x108 CMakeFiles/PiPico_NRF24.dir/C_/VSARM/sdk/pico/pico-sdk/src/common/pico_util/pheap.c.obj
 .text.ph_remove_head
                0x100022b0       0x14 CMakeFiles/PiPico_NRF24.dir/C_/VSARM/sdk/pico/pico-sdk/src/common/pico_util/pheap.c.obj
                0x100022b0                ph_remove_head
 .text.ph_remove_and_free_node
                0x100022c4       0xf8 CMakeFiles/PiPico_NRF24.dir/C_/VSARM/sdk/pico/pico-sdk/src/common/pico_util/pheap.c.obj
                0x100022c4                ph_remove_and_free_node
 .text.mutex_init
                0x100023bc       0x1a CMakeFiles/PiPico_NRF24.dir/C_/VSARM/sdk/pico/pico-sdk/src/common/pico_sync/mutex.c.obj
                0x100023bc                mutex_init
 .text.recursive_mutex_init
                0x100023d6       0x1e CMakeFiles/PiPico_NRF24.dir/C_/VSARM/sdk/pico/pico-sdk/src/common/pico_sync/mutex.c.obj
                0x100023d6                recursive_mutex_init
 .text.critical_section_init_with_lock_num
                0x100023f4       0x14 CMakeFiles/PiPico_NRF24.dir/C_/VSARM/sdk/pico/pico-sdk/src/common/pico_sync/critical_section.c.obj
                0x100023f4                critical_section_init_with_lock_num
 .text.critical_section_init
                0x10002408       0x14 CMakeFiles/PiPico_NRF24.dir/C_/VSARM/sdk/pico/pico-sdk/src/common/pico_sync/critical_section.c.obj
                0x10002408                critical_section_init
 .text._exit    0x1000241c        0x4 CMakeFiles/PiPico_NRF24.dir/C_/VSARM/sdk/pico/pico-sdk/src/rp2_common/pico_runtime/runtime.c.obj
                0x1000241c                _exit
 .text.exit     0x10002420        0x6 CMakeFiles/PiPico_NRF24.dir/C_/VSARM/sdk/pico/pico-sdk/src/rp2_common/pico_runtime/runtime.c.obj
                0x10002420                exit
 *fill*         0x10002426        0x2 
 .text.__assert_func
                0x10002428       0x3c CMakeFiles/PiPico_NRF24.dir/C_/VSARM/sdk/pico/pico-sdk/src/rp2_common/pico_runtime/runtime.c.obj
                0x10002428                __assert_func
 .text.runtime_init
                0x10002464       0xf8 CMakeFiles/PiPico_NRF24.dir/C_/VSARM/sdk/pico/pico-sdk/src/rp2_common/pico_runtime/runtime.c.obj
                0x10002464                runtime_init
 .text.panic    0x1000255c       0x30 CMakeFiles/PiPico_NRF24.dir/C_/VSARM/sdk/pico/pico-sdk/src/rp2_common/pico_runtime/runtime.c.obj
                0x1000255c                panic
 .text.clock_configure
                0x1000258c      0x104 CMakeFiles/PiPico_NRF24.dir/C_/VSARM/sdk/pico/pico-sdk/src/rp2_common/hardware_clocks/clocks.c.obj
                0x1000258c                clock_configure
 .text.clocks_init
                0x10002690      0x100 CMakeFiles/PiPico_NRF24.dir/C_/VSARM/sdk/pico/pico-sdk/src/rp2_common/hardware_clocks/clocks.c.obj
                0x10002690                clocks_init
 .text.clock_get_hz
                0x10002790        0xc CMakeFiles/PiPico_NRF24.dir/C_/VSARM/sdk/pico/pico-sdk/src/rp2_common/hardware_clocks/clocks.c.obj
                0x10002790                clock_get_hz
 .text.pll_init
                0x1000279c      0x140 CMakeFiles/PiPico_NRF24.dir/C_/VSARM/sdk/pico/pico-sdk/src/rp2_common/hardware_pll/pll.c.obj
                0x1000279c                pll_init
 .text.watchdog_start_tick
                0x100028dc       0x10 CMakeFiles/PiPico_NRF24.dir/C_/VSARM/sdk/pico/pico-sdk/src/rp2_common/hardware_watchdog/watchdog.c.obj
                0x100028dc                watchdog_start_tick
 .text.watchdog_update
                0x100028ec       0x14 CMakeFiles/PiPico_NRF24.dir/C_/VSARM/sdk/pico/pico-sdk/src/rp2_common/hardware_watchdog/watchdog.c.obj
                0x100028ec                watchdog_update
 .text._watchdog_enable
                0x10002900       0x78 CMakeFiles/PiPico_NRF24.dir/C_/VSARM/sdk/pico/pico-sdk/src/rp2_common/hardware_watchdog/watchdog.c.obj
                0x10002900                _watchdog_enable
 .text.watchdog_reboot
                0x10002978       0x48 CMakeFiles/PiPico_NRF24.dir/C_/VSARM/sdk/pico/pico-sdk/src/rp2_common/hardware_watchdog/watchdog.c.obj
                0x10002978                watchdog_reboot
 .text.xosc_init
                0x100029c0       0x28 CMakeFiles/PiPico_NRF24.dir/C_/VSARM/sdk/pico/pico-sdk/src/rp2_common/hardware_xosc/xosc.c.obj
                0x100029c0                xosc_init
 .text._out_null
                0x100029e8        0x2 CMakeFiles/PiPico_NRF24.dir/C_/VSARM/sdk/pico/pico-sdk/src/rp2_common/pico_printf/printf.c.obj
 .text._out_fct
                0x100029ea        0xe CMakeFiles/PiPico_NRF24.dir/C_/VSARM/sdk/pico/pico-sdk/src/rp2_common/pico_printf/printf.c.obj
 .text._atoi    0x100029f8       0x24 CMakeFiles/PiPico_NRF24.dir/C_/VSARM/sdk/pico/pico-sdk/src/rp2_common/pico_printf/printf.c.obj
 .text._out_rev
                0x10002a1c       0xae CMakeFiles/PiPico_NRF24.dir/C_/VSARM/sdk/pico/pico-sdk/src/rp2_common/pico_printf/printf.c.obj
 .text._ntoa_format
                0x10002aca      0x112 CMakeFiles/PiPico_NRF24.dir/C_/VSARM/sdk/pico/pico-sdk/src/rp2_common/pico_printf/printf.c.obj
 .text._ntoa_long
                0x10002bdc       0xbc CMakeFiles/PiPico_NRF24.dir/C_/VSARM/sdk/pico/pico-sdk/src/rp2_common/pico_printf/printf.c.obj
 .text._ntoa_long_long
                0x10002c98       0xe2 CMakeFiles/PiPico_NRF24.dir/C_/VSARM/sdk/pico/pico-sdk/src/rp2_common/pico_printf/printf.c.obj
 *fill*         0x10002d7a        0x2 
 .text._etoa    0x10002d7c      0x414 CMakeFiles/PiPico_NRF24.dir/C_/VSARM/sdk/pico/pico-sdk/src/rp2_common/pico_printf/printf.c.obj
 .text._ftoa    0x10003190      0x354 CMakeFiles/PiPico_NRF24.dir/C_/VSARM/sdk/pico/pico-sdk/src/rp2_common/pico_printf/printf.c.obj
 .text._vsnprintf
                0x100034e4      0x624 CMakeFiles/PiPico_NRF24.dir/C_/VSARM/sdk/pico/pico-sdk/src/rp2_common/pico_printf/printf.c.obj
 .text.vfctprintf
                0x10003b08       0x20 CMakeFiles/PiPico_NRF24.dir/C_/VSARM/sdk/pico/pico-sdk/src/rp2_common/pico_printf/printf.c.obj
                0x10003b08                vfctprintf
 .text          0x10003b28       0x10 CMakeFiles/PiPico_NRF24.dir/C_/VSARM/sdk/pico/pico-sdk/src/rp2_common/pico_bit_ops/bit_ops_aeabi.S.obj
 .text.rom_func_lookup
                0x10003b38       0x10 CMakeFiles/PiPico_NRF24.dir/C_/VSARM/sdk/pico/pico-sdk/src/rp2_common/pico_bootrom/bootrom.c.obj
                0x10003b38                rom_func_lookup
 .text.rom_data_lookup
                0x10003b48       0x10 CMakeFiles/PiPico_NRF24.dir/C_/VSARM/sdk/pico/pico-sdk/src/rp2_common/pico_bootrom/bootrom.c.obj
                0x10003b48                rom_data_lookup
 .text.rom_funcs_lookup
                0x10003b58       0x36 CMakeFiles/PiPico_NRF24.dir/C_/VSARM/sdk/pico/pico-sdk/src/rp2_common/pico_bootrom/bootrom.c.obj
                0x10003b58                rom_funcs_lookup
 *fill*         0x10003b8e        0x2 
 .text.__wrap___aeabi_idiv
                0x10003b90       0x50 CMakeFiles/PiPico_NRF24.dir/C_/VSARM/sdk/pico/pico-sdk/src/rp2_common/pico_divider/divider.S.obj
                0x10003b90                __wrap___aeabi_idivmod
                0x10003b90                divmod_s32s32
                0x10003b90                div_s32s32
                0x10003b90                __wrap___aeabi_idiv
                0x10003b98                divmod_s32s32_unsafe
                0x10003bc4                divmod_s32s32_savestate
 .text.__wrap___aeabi_uidiv
                0x10003be0       0x4c CMakeFiles/PiPico_NRF24.dir/C_/VSARM/sdk/pico/pico-sdk/src/rp2_common/pico_divider/divider.S.obj
                0x10003be0                __wrap___aeabi_uidiv
                0x10003be0                __wrap___aeabi_uidivmod
                0x10003be0                div_u32u32
                0x10003be0                divmod_u32u32
                0x10003be8                divmod_u32u32_unsafe
                0x10003c10                divmod_u32u32_savestate
 .text.__wrap___aeabi_ldiv
                0x10003c2c      0x434 CMakeFiles/PiPico_NRF24.dir/C_/VSARM/sdk/pico/pico-sdk/src/rp2_common/pico_divider/divider.S.obj
                0x10003c2c                div_s64s64
                0x10003c2c                divmod_s64s64
                0x10003c2c                __wrap___aeabi_ldivmod
                0x10003c64                divmod_u64u64
                0x10003c64                div_u64u64
                0x10003c64                __wrap___aeabi_uldivmod
                0x10003c74                divmod_u64u64_savestate
                0x10003c9c                divmod_s64s64_unsafe
                0x10003d24                divmod_u64u64_unsafe
 .text.__wrap___aeabi_darithmetic
                0x10004060       0x80 CMakeFiles/PiPico_NRF24.dir/C_/VSARM/sdk/pico/pico-sdk/src/rp2_common/pico_double/double_aeabi.S.obj
                0x10004060                __wrap___aeabi_drsub
                0x10004066                __wrap___aeabi_dsub
                0x10004078                __wrap___aeabi_dadd
                0x1000408a                __wrap___aeabi_ddiv
                0x100040c6                __wrap___aeabi_dmul
 .text.__wrap___aeabi_cdcmple
                0x100040e0       0x6c CMakeFiles/PiPico_NRF24.dir/C_/VSARM/sdk/pico/pico-sdk/src/rp2_common/pico_double/double_aeabi.S.obj
                0x100040e0                __wrap___aeabi_cdrcmple
                0x100040f0                __wrap___aeabi_cdcmpeq
                0x100040f0                __wrap___aeabi_cdcmple
 .text.__wrap___aeabi_dcmplt
                0x1000414c        0xc CMakeFiles/PiPico_NRF24.dir/C_/VSARM/sdk/pico/pico-sdk/src/rp2_common/pico_double/double_aeabi.S.obj
                0x1000414c                __wrap___aeabi_dcmplt
 .text.__wrap___aeabi_dcmple
                0x10004158       0x10 CMakeFiles/PiPico_NRF24.dir/C_/VSARM/sdk/pico/pico-sdk/src/rp2_common/pico_double/double_aeabi.S.obj
                0x10004158                __wrap___aeabi_dcmple
 .text.__wrap___aeabi_dcmpge
                0x10004168       0x10 CMakeFiles/PiPico_NRF24.dir/C_/VSARM/sdk/pico/pico-sdk/src/rp2_common/pico_double/double_aeabi.S.obj
                0x10004168                __wrap___aeabi_dcmpge
 .text.__wrap___aeabi_dcmpgt
                0x10004178        0xa CMakeFiles/PiPico_NRF24.dir/C_/VSARM/sdk/pico/pico-sdk/src/rp2_common/pico_double/double_aeabi.S.obj
                0x10004178                __wrap___aeabi_dcmpgt
 .text.__wrap___aeabi_dcmpun
                0x10004182       0x1c CMakeFiles/PiPico_NRF24.dir/C_/VSARM/sdk/pico/pico-sdk/src/rp2_common/pico_double/double_aeabi.S.obj
                0x10004182                __wrap___aeabi_dcmpun
 *fill*         0x1000419e        0x2 
 .text.__wrap___aeabi_i2d
                0x100041a0       0x38 CMakeFiles/PiPico_NRF24.dir/C_/VSARM/sdk/pico/pico-sdk/src/rp2_common/pico_double/double_aeabi.S.obj
                0x100041a0                __wrap___aeabi_ui2d
                0x100041a8                __wrap___aeabi_i2d
 .text.__wrap___aeabi_d2iz
                0x100041d8       0x48 CMakeFiles/PiPico_NRF24.dir/C_/VSARM/sdk/pico/pico-sdk/src/rp2_common/pico_double/double_aeabi.S.obj
                0x100041d8                double2int_z
                0x100041d8                __wrap___aeabi_d2iz
 .text.__wrap___aeabi_d2uiz
                0x10004220       0x18 CMakeFiles/PiPico_NRF24.dir/C_/VSARM/sdk/pico/pico-sdk/src/rp2_common/pico_double/double_aeabi.S.obj
                0x10004220                __wrap___aeabi_d2uiz
                0x10004220                double2uint
 .text.__aeabi_double_init
                0x10004238       0xc8 CMakeFiles/PiPico_NRF24.dir/C_/VSARM/sdk/pico/pico-sdk/src/rp2_common/pico_double/double_init_rom.c.obj
                0x10004238                __aeabi_double_init
 .text.double_table_shim_on_use_helper
                0x10004300       0x34 CMakeFiles/PiPico_NRF24.dir/C_/VSARM/sdk/pico/pico-sdk/src/rp2_common/pico_double/double_v1_rom_shim.S.obj
                0x10004300                double_table_shim_on_use_helper
 .text.__wrap___aeabi_dsub
                0x10004334       0x10 CMakeFiles/PiPico_NRF24.dir/C_/VSARM/sdk/pico/pico-sdk/src/rp2_common/pico_double/double_v1_rom_shim.S.obj
                0x10004334                drsub_shim
                0x1000433a                dsub_shim
 .text.dadd_shim
                0x10004344      0x15c CMakeFiles/PiPico_NRF24.dir/C_/VSARM/sdk/pico/pico-sdk/src/rp2_common/pico_double/double_v1_rom_shim.S.obj
                0x10004344                dadd_shim
 .text.dmul_shim
                0x100044a0      0x15c CMakeFiles/PiPico_NRF24.dir/C_/VSARM/sdk/pico/pico-sdk/src/rp2_common/pico_double/double_v1_rom_shim.S.obj
                0x100044a0                dmul_shim
 .text.ddiv_shim
                0x100045fc      0x1b0 CMakeFiles/PiPico_NRF24.dir/C_/VSARM/sdk/pico/pico-sdk/src/rp2_common/pico_double/double_v1_rom_shim.S.obj
                0x100045fc                ddiv_shim
 .text.double2uint_shim
                0x100047ac        0xe CMakeFiles/PiPico_NRF24.dir/C_/VSARM/sdk/pico/pico-sdk/src/rp2_common/pico_double/double_v1_rom_shim.S.obj
                0x100047ac                double2uint_shim
                0x100047ae                double2ufix_shim
 *fill*         0x100047ba        0x2 
 .text.double2uint64_shim
                0x100047bc       0x70 CMakeFiles/PiPico_NRF24.dir/C_/VSARM/sdk/pico/pico-sdk/src/rp2_common/pico_double/double_v1_rom_shim.S.obj
                0x100047bc                double2uint64_shim
                0x100047be                double2ufix64_shim
                0x100047de                d2fix_a
 .text.dunpacks
                0x1000482c       0x3c CMakeFiles/PiPico_NRF24.dir/C_/VSARM/sdk/pico/pico-sdk/src/rp2_common/pico_double/double_v1_rom_shim.S.obj
                0x1000482c                dunpacks
 .text.__aeabi_lmul
                0x10004868       0x32 CMakeFiles/PiPico_NRF24.dir/C_/VSARM/sdk/pico/pico-sdk/src/rp2_common/pico_int64_ops/pico_int64_ops_aeabi.S.obj
                0x10004868                __wrap___aeabi_lmul
 *fill*         0x1000489a        0x2 
 .text.__wrap___aeabi_farithmetic
                0x1000489c       0x58 CMakeFiles/PiPico_NRF24.dir/C_/VSARM/sdk/pico/pico-sdk/src/rp2_common/pico_float/float_aeabi.S.obj
                0x1000489c                __wrap___aeabi_frsub
                0x100048a2                __wrap___aeabi_fsub
                0x100048ac                __wrap___aeabi_fadd
                0x100048b6                __wrap___aeabi_fdiv
                0x100048e2                __wrap___aeabi_fmul
 .text.__wrap___aeabi_i2f
                0x100048f4       0x44 CMakeFiles/PiPico_NRF24.dir/C_/VSARM/sdk/pico/pico-sdk/src/rp2_common/pico_float/float_aeabi.S.obj
                0x100048f4                __wrap___aeabi_i2f
 .text.__wrap___aeabi_f2d
                0x10004938       0x14 CMakeFiles/PiPico_NRF24.dir/C_/VSARM/sdk/pico/pico-sdk/src/rp2_common/pico_float/float_aeabi.S.obj
                0x10004938                __wrap___aeabi_f2d
 .text.__aeabi_float_init
                0x1000494c       0xfc CMakeFiles/PiPico_NRF24.dir/C_/VSARM/sdk/pico/pico-sdk/src/rp2_common/pico_float/float_init_rom.c.obj
                0x1000494c                __aeabi_float_init
 .text.float_table_shim_on_use_helper
                0x10004a48       0x34 CMakeFiles/PiPico_NRF24.dir/C_/VSARM/sdk/pico/pico-sdk/src/rp2_common/pico_float/float_v1_rom_shim.S.obj
                0x10004a48                float_table_shim_on_use_helper
 .text.float2double_shim
                0x10004a7c       0x30 CMakeFiles/PiPico_NRF24.dir/C_/VSARM/sdk/pico/pico-sdk/src/rp2_common/pico_float/float_v1_rom_shim.S.obj
                0x10004a7c                float2double_shim
 .text          0x10004aac       0x10 CMakeFiles/PiPico_NRF24.dir/C_/VSARM/sdk/pico/pico-sdk/src/rp2_common/pico_mem_ops/mem_ops_aeabi.S.obj
                0x10004aac                __aeabi_mem_init
 .text.memset   0x10004abc        0xc CMakeFiles/PiPico_NRF24.dir/C_/VSARM/sdk/pico/pico-sdk/src/rp2_common/pico_mem_ops/mem_ops_aeabi.S.obj
                0x10004abc                __wrap_memset
 .text.memcpy   0x10004ac8        0xc CMakeFiles/PiPico_NRF24.dir/C_/VSARM/sdk/pico/pico-sdk/src/rp2_common/pico_mem_ops/mem_ops_aeabi.S.obj
                0x10004ac8                __wrap_memcpy
                0x10004ac8                __wrap___aeabi_memcpy
 .text.stdio_out_chars_no_crlf
                0x10004ad4        0xe CMakeFiles/PiPico_NRF24.dir/C_/VSARM/sdk/pico/pico-sdk/src/rp2_common/pico_stdio/stdio.c.obj
 *fill*         0x10004ae2        0x2 
 .text.stdio_out_chars_crlf
                0x10004ae4       0x80 CMakeFiles/PiPico_NRF24.dir/C_/VSARM/sdk/pico/pico-sdk/src/rp2_common/pico_stdio/stdio.c.obj
 .text.stdio_stack_buffer_flush
                0x10004b64       0x44 CMakeFiles/PiPico_NRF24.dir/C_/VSARM/sdk/pico/pico-sdk/src/rp2_common/pico_stdio/stdio.c.obj
 .text.stdio_buffered_printer
                0x10004ba8       0x20 CMakeFiles/PiPico_NRF24.dir/C_/VSARM/sdk/pico/pico-sdk/src/rp2_common/pico_stdio/stdio.c.obj
 .text.stdout_serialize_begin
                0x10004bc8       0x30 CMakeFiles/PiPico_NRF24.dir/C_/VSARM/sdk/pico/pico-sdk/src/rp2_common/pico_stdio/stdio.c.obj
                0x10004bc8                stdout_serialize_begin
 .text.stdout_serialize_end
                0x10004bf8       0x10 CMakeFiles/PiPico_NRF24.dir/C_/VSARM/sdk/pico/pico-sdk/src/rp2_common/pico_stdio/stdio.c.obj
                0x10004bf8                stdout_serialize_end
 .text.stdio_put_string
                0x10004c08       0x98 CMakeFiles/PiPico_NRF24.dir/C_/VSARM/sdk/pico/pico-sdk/src/rp2_common/pico_stdio/stdio.c.obj
 .text.stdio_set_driver_enabled
                0x10004ca0       0x2c CMakeFiles/PiPico_NRF24.dir/C_/VSARM/sdk/pico/pico-sdk/src/rp2_common/pico_stdio/stdio.c.obj
                0x10004ca0                stdio_set_driver_enabled
 .text.stdio_flush
                0x10004ccc       0x20 CMakeFiles/PiPico_NRF24.dir/C_/VSARM/sdk/pico/pico-sdk/src/rp2_common/pico_stdio/stdio.c.obj
                0x10004ccc                stdio_flush
 .text.__wrap_puts
                0x10004cec       0x1e CMakeFiles/PiPico_NRF24.dir/C_/VSARM/sdk/pico/pico-sdk/src/rp2_common/pico_stdio/stdio.c.obj
                0x10004cec                __wrap_puts
 *fill*         0x10004d0a        0x2 
 .text.__wrap_vprintf
                0x10004d0c       0x44 CMakeFiles/PiPico_NRF24.dir/C_/VSARM/sdk/pico/pico-sdk/src/rp2_common/pico_stdio/stdio.c.obj
                0x10004d0c                __wrap_vprintf
 .text.__wrap_printf
                0x10004d50       0x18 CMakeFiles/PiPico_NRF24.dir/C_/VSARM/sdk/pico/pico-sdk/src/rp2_common/pico_stdio/stdio.c.obj
                0x10004d50                __wrap_printf
 .text.stdio_init_all
                0x10004d68        0x8 CMakeFiles/PiPico_NRF24.dir/C_/VSARM/sdk/pico/pico-sdk/src/rp2_common/pico_stdio/stdio.c.obj
                0x10004d68                stdio_init_all
 .text.resetd_init
                0x10004d70        0x2 CMakeFiles/PiPico_NRF24.dir/C_/VSARM/sdk/pico/pico-sdk/src/rp2_common/pico_stdio_usb/reset_interface.c.obj
 *fill*         0x10004d72        0x2 
 .text.resetd_reset
                0x10004d74        0xc CMakeFiles/PiPico_NRF24.dir/C_/VSARM/sdk/pico/pico-sdk/src/rp2_common/pico_stdio_usb/reset_interface.c.obj
 .text.resetd_open
                0x10004d80       0x34 CMakeFiles/PiPico_NRF24.dir/C_/VSARM/sdk/pico/pico-sdk/src/rp2_common/pico_stdio_usb/reset_interface.c.obj
 .text.resetd_xfer_cb
                0x10004db4        0x4 CMakeFiles/PiPico_NRF24.dir/C_/VSARM/sdk/pico/pico-sdk/src/rp2_common/pico_stdio_usb/reset_interface.c.obj
 .text.reset_usb_boot
                0x10004db8       0x18 CMakeFiles/PiPico_NRF24.dir/C_/VSARM/sdk/pico/pico-sdk/src/rp2_common/pico_stdio_usb/reset_interface.c.obj
 .text.resetd_control_xfer_cb
                0x10004dd0       0x5c CMakeFiles/PiPico_NRF24.dir/C_/VSARM/sdk/pico/pico-sdk/src/rp2_common/pico_stdio_usb/reset_interface.c.obj
 .text.usbd_app_driver_get_cb
                0x10004e2c        0xc CMakeFiles/PiPico_NRF24.dir/C_/VSARM/sdk/pico/pico-sdk/src/rp2_common/pico_stdio_usb/reset_interface.c.obj
                0x10004e2c                usbd_app_driver_get_cb
 .text.tud_cdc_line_coding_cb
                0x10004e38       0x28 CMakeFiles/PiPico_NRF24.dir/C_/VSARM/sdk/pico/pico-sdk/src/rp2_common/pico_stdio_usb/reset_interface.c.obj
                0x10004e38                tud_cdc_line_coding_cb
 .text.stdio_usb_in_chars
                0x10004e60       0x70 CMakeFiles/PiPico_NRF24.dir/C_/VSARM/sdk/pico/pico-sdk/src/rp2_common/pico_stdio_usb/stdio_usb.c.obj
                0x10004e60                stdio_usb_in_chars
 .text.low_priority_worker_irq
                0x10004ed0       0x20 CMakeFiles/PiPico_NRF24.dir/C_/VSARM/sdk/pico/pico-sdk/src/rp2_common/pico_stdio_usb/stdio_usb.c.obj
 .text.stdio_usb_out_chars
                0x10004ef0       0xd4 CMakeFiles/PiPico_NRF24.dir/C_/VSARM/sdk/pico/pico-sdk/src/rp2_common/pico_stdio_usb/stdio_usb.c.obj
 .text.timer_task
                0x10004fc4       0x40 CMakeFiles/PiPico_NRF24.dir/C_/VSARM/sdk/pico/pico-sdk/src/rp2_common/pico_stdio_usb/stdio_usb.c.obj
 .text.usb_irq  0x10005004       0x10 CMakeFiles/PiPico_NRF24.dir/C_/VSARM/sdk/pico/pico-sdk/src/rp2_common/pico_stdio_usb/stdio_usb.c.obj
 .text.stdio_usb_init
                0x10005014       0xec CMakeFiles/PiPico_NRF24.dir/C_/VSARM/sdk/pico/pico-sdk/src/rp2_common/pico_stdio_usb/stdio_usb.c.obj
                0x10005014                stdio_usb_init
 .text.tud_descriptor_device_cb
                0x10005100        0x8 CMakeFiles/PiPico_NRF24.dir/C_/VSARM/sdk/pico/pico-sdk/src/rp2_common/pico_stdio_usb/stdio_usb_descriptors.c.obj
                0x10005100                tud_descriptor_device_cb
 .text.tud_descriptor_configuration_cb
                0x10005108        0x8 CMakeFiles/PiPico_NRF24.dir/C_/VSARM/sdk/pico/pico-sdk/src/rp2_common/pico_stdio_usb/stdio_usb_descriptors.c.obj
                0x10005108                tud_descriptor_configuration_cb
 .text.tud_descriptor_string_cb
                0x10005110       0x6c CMakeFiles/PiPico_NRF24.dir/C_/VSARM/sdk/pico/pico-sdk/src/rp2_common/pico_stdio_usb/stdio_usb_descriptors.c.obj
                0x10005110                tud_descriptor_string_cb
 .text.hw_endpoint_get_by_addr
                0x1000517c       0x18 CMakeFiles/PiPico_NRF24.dir/C_/VSARM/sdk/pico/pico-sdk/lib/tinyusb/src/portable/raspberrypi/rp2040/dcd_rp2040.c.obj
 .text.reset_ep0_pid
                0x10005194       0x28 CMakeFiles/PiPico_NRF24.dir/C_/VSARM/sdk/pico/pico-sdk/lib/tinyusb/src/portable/raspberrypi/rp2040/dcd_rp2040.c.obj
 .text._hw_endpoint_alloc
                0x100051bc       0x70 CMakeFiles/PiPico_NRF24.dir/C_/VSARM/sdk/pico/pico-sdk/lib/tinyusb/src/portable/raspberrypi/rp2040/dcd_rp2040.c.obj
 .text.hw_endpoint_init
                0x1000522c       0x88 CMakeFiles/PiPico_NRF24.dir/C_/VSARM/sdk/pico/pico-sdk/lib/tinyusb/src/portable/raspberrypi/rp2040/dcd_rp2040.c.obj
 .text.reset_non_control_endpoints
                0x100052b4       0x40 CMakeFiles/PiPico_NRF24.dir/C_/VSARM/sdk/pico/pico-sdk/lib/tinyusb/src/portable/raspberrypi/rp2040/dcd_rp2040.c.obj
 .text.hw_handle_buff_status
                0x100052f4       0x8c CMakeFiles/PiPico_NRF24.dir/C_/VSARM/sdk/pico/pico-sdk/lib/tinyusb/src/portable/raspberrypi/rp2040/dcd_rp2040.c.obj
 .text.dcd_rp2040_irq
                0x10005380       0xc0 CMakeFiles/PiPico_NRF24.dir/C_/VSARM/sdk/pico/pico-sdk/lib/tinyusb/src/portable/raspberrypi/rp2040/dcd_rp2040.c.obj
 .text.hw_endpoint_xfer
                0x10005440       0x14 CMakeFiles/PiPico_NRF24.dir/C_/VSARM/sdk/pico/pico-sdk/lib/tinyusb/src/portable/raspberrypi/rp2040/dcd_rp2040.c.obj
 .text.dcd_int_enable
                0x10005454       0x2c CMakeFiles/PiPico_NRF24.dir/C_/VSARM/sdk/pico/pico-sdk/lib/tinyusb/src/portable/raspberrypi/rp2040/dcd_rp2040.c.obj
                0x10005454                dcd_int_enable
 .text.dcd_set_address
                0x10005480       0x2c CMakeFiles/PiPico_NRF24.dir/C_/VSARM/sdk/pico/pico-sdk/lib/tinyusb/src/portable/raspberrypi/rp2040/dcd_rp2040.c.obj
                0x10005480                dcd_set_address
 .text.dcd_connect
                0x100054ac       0x10 CMakeFiles/PiPico_NRF24.dir/C_/VSARM/sdk/pico/pico-sdk/lib/tinyusb/src/portable/raspberrypi/rp2040/dcd_rp2040.c.obj
                0x100054ac                dcd_connect
 .text.dcd_init
                0x100054bc       0x7c CMakeFiles/PiPico_NRF24.dir/C_/VSARM/sdk/pico/pico-sdk/lib/tinyusb/src/portable/raspberrypi/rp2040/dcd_rp2040.c.obj
                0x100054bc                dcd_init
 .text.dcd_edpt0_status_complete
                0x10005538       0x1c CMakeFiles/PiPico_NRF24.dir/C_/VSARM/sdk/pico/pico-sdk/lib/tinyusb/src/portable/raspberrypi/rp2040/dcd_rp2040.c.obj
                0x10005538                dcd_edpt0_status_complete
 .text.dcd_edpt_open
                0x10005554       0x40 CMakeFiles/PiPico_NRF24.dir/C_/VSARM/sdk/pico/pico-sdk/lib/tinyusb/src/portable/raspberrypi/rp2040/dcd_rp2040.c.obj
                0x10005554                dcd_edpt_open
 .text.dcd_edpt_close_all
                0x10005594        0x8 CMakeFiles/PiPico_NRF24.dir/C_/VSARM/sdk/pico/pico-sdk/lib/tinyusb/src/portable/raspberrypi/rp2040/dcd_rp2040.c.obj
                0x10005594                dcd_edpt_close_all
 .text.dcd_edpt_xfer
                0x1000559c       0x30 CMakeFiles/PiPico_NRF24.dir/C_/VSARM/sdk/pico/pico-sdk/lib/tinyusb/src/portable/raspberrypi/rp2040/dcd_rp2040.c.obj
                0x1000559c                dcd_edpt_xfer
 .text.dcd_edpt_stall
                0x100055cc       0x2c CMakeFiles/PiPico_NRF24.dir/C_/VSARM/sdk/pico/pico-sdk/lib/tinyusb/src/portable/raspberrypi/rp2040/dcd_rp2040.c.obj
                0x100055cc                dcd_edpt_stall
 .text.dcd_edpt_clear_stall
                0x100055f8       0x20 CMakeFiles/PiPico_NRF24.dir/C_/VSARM/sdk/pico/pico-sdk/lib/tinyusb/src/portable/raspberrypi/rp2040/dcd_rp2040.c.obj
                0x100055f8                dcd_edpt_clear_stall
 .text.prepare_ep_buffer
                0x10005618       0x70 CMakeFiles/PiPico_NRF24.dir/C_/VSARM/sdk/pico/pico-sdk/lib/tinyusb/src/portable/raspberrypi/rp2040/rp2040_usb.c.obj
 .text.sync_ep_buffer
                0x10005688       0x7c CMakeFiles/PiPico_NRF24.dir/C_/VSARM/sdk/pico/pico-sdk/lib/tinyusb/src/portable/raspberrypi/rp2040/rp2040_usb.c.obj
 .text._hw_endpoint_xfer_sync
                0x10005704       0x28 CMakeFiles/PiPico_NRF24.dir/C_/VSARM/sdk/pico/pico-sdk/lib/tinyusb/src/portable/raspberrypi/rp2040/rp2040_usb.c.obj
 .text.rp2040_usb_init
                0x1000572c       0x4c CMakeFiles/PiPico_NRF24.dir/C_/VSARM/sdk/pico/pico-sdk/lib/tinyusb/src/portable/raspberrypi/rp2040/rp2040_usb.c.obj
                0x1000572c                rp2040_usb_init
 .text.hw_endpoint_reset_transfer
                0x10005778        0xc CMakeFiles/PiPico_NRF24.dir/C_/VSARM/sdk/pico/pico-sdk/lib/tinyusb/src/portable/raspberrypi/rp2040/rp2040_usb.c.obj
                0x10005778                hw_endpoint_reset_transfer
 .text._hw_endpoint_buffer_control_update32
                0x10005784       0x58 CMakeFiles/PiPico_NRF24.dir/C_/VSARM/sdk/pico/pico-sdk/lib/tinyusb/src/portable/raspberrypi/rp2040/rp2040_usb.c.obj
                0x10005784                _hw_endpoint_buffer_control_update32
 .text._hw_endpoint_start_next_buffer
                0x100057dc       0x74 CMakeFiles/PiPico_NRF24.dir/C_/VSARM/sdk/pico/pico-sdk/lib/tinyusb/src/portable/raspberrypi/rp2040/rp2040_usb.c.obj
 .text.hw_endpoint_xfer_start
                0x10005850       0x48 CMakeFiles/PiPico_NRF24.dir/C_/VSARM/sdk/pico/pico-sdk/lib/tinyusb/src/portable/raspberrypi/rp2040/rp2040_usb.c.obj
                0x10005850                hw_endpoint_xfer_start
 .text.hw_endpoint_xfer_continue
                0x10005898       0x38 CMakeFiles/PiPico_NRF24.dir/C_/VSARM/sdk/pico/pico-sdk/lib/tinyusb/src/portable/raspberrypi/rp2040/rp2040_usb.c.obj
                0x10005898                hw_endpoint_xfer_continue
 .text.configuration_reset
                0x100058d0       0x84 CMakeFiles/PiPico_NRF24.dir/C_/VSARM/sdk/pico/pico-sdk/lib/tinyusb/src/device/usbd.c.obj
 .text.usbd_reset
                0x10005954        0xc CMakeFiles/PiPico_NRF24.dir/C_/VSARM/sdk/pico/pico-sdk/lib/tinyusb/src/device/usbd.c.obj
 .text.invoke_class_control
                0x10005960       0x1a CMakeFiles/PiPico_NRF24.dir/C_/VSARM/sdk/pico/pico-sdk/lib/tinyusb/src/device/usbd.c.obj
 *fill*         0x1000597a        0x2 
 .text.process_set_config
                0x1000597c      0x1b0 CMakeFiles/PiPico_NRF24.dir/C_/VSARM/sdk/pico/pico-sdk/lib/tinyusb/src/device/usbd.c.obj
 .text.process_get_descriptor
                0x10005b2c       0xec CMakeFiles/PiPico_NRF24.dir/C_/VSARM/sdk/pico/pico-sdk/lib/tinyusb/src/device/usbd.c.obj
 .text.tud_mounted
                0x10005c18       0x10 CMakeFiles/PiPico_NRF24.dir/C_/VSARM/sdk/pico/pico-sdk/lib/tinyusb/src/device/usbd.c.obj
                0x10005c18                tud_mounted
 .text.tud_suspended
                0x10005c28       0x10 CMakeFiles/PiPico_NRF24.dir/C_/VSARM/sdk/pico/pico-sdk/lib/tinyusb/src/device/usbd.c.obj
                0x10005c28                tud_suspended
 .text.tud_inited
                0x10005c38        0xc CMakeFiles/PiPico_NRF24.dir/C_/VSARM/sdk/pico/pico-sdk/lib/tinyusb/src/device/usbd.c.obj
                0x10005c38                tud_inited
 .text.tud_init
                0x10005c44       0xcc CMakeFiles/PiPico_NRF24.dir/C_/VSARM/sdk/pico/pico-sdk/lib/tinyusb/src/device/usbd.c.obj
                0x10005c44                tud_init
 .text.dcd_event_handler
                0x10005d10      0x1e0 CMakeFiles/PiPico_NRF24.dir/C_/VSARM/sdk/pico/pico-sdk/lib/tinyusb/src/device/usbd.c.obj
                0x10005d10                dcd_event_handler
 .text.dcd_event_bus_signal
                0x10005ef0       0x26 CMakeFiles/PiPico_NRF24.dir/C_/VSARM/sdk/pico/pico-sdk/lib/tinyusb/src/device/usbd.c.obj
                0x10005ef0                dcd_event_bus_signal
 .text.dcd_event_bus_reset
                0x10005f16       0x2a CMakeFiles/PiPico_NRF24.dir/C_/VSARM/sdk/pico/pico-sdk/lib/tinyusb/src/device/usbd.c.obj
                0x10005f16                dcd_event_bus_reset
 .text.dcd_event_setup_received
                0x10005f40       0x34 CMakeFiles/PiPico_NRF24.dir/C_/VSARM/sdk/pico/pico-sdk/lib/tinyusb/src/device/usbd.c.obj
                0x10005f40                dcd_event_setup_received
 .text.dcd_event_xfer_complete
                0x10005f74       0x44 CMakeFiles/PiPico_NRF24.dir/C_/VSARM/sdk/pico/pico-sdk/lib/tinyusb/src/device/usbd.c.obj
                0x10005f74                dcd_event_xfer_complete
 .text.usbd_edpt_open
                0x10005fb8       0x58 CMakeFiles/PiPico_NRF24.dir/C_/VSARM/sdk/pico/pico-sdk/lib/tinyusb/src/device/usbd.c.obj
                0x10005fb8                usbd_edpt_open
 .text.usbd_open_edpt_pair
                0x10006010       0x8c CMakeFiles/PiPico_NRF24.dir/C_/VSARM/sdk/pico/pico-sdk/lib/tinyusb/src/device/usbd.c.obj
                0x10006010                usbd_open_edpt_pair
 .text.usbd_edpt_claim
                0x1000609c       0x8c CMakeFiles/PiPico_NRF24.dir/C_/VSARM/sdk/pico/pico-sdk/lib/tinyusb/src/device/usbd.c.obj
                0x1000609c                usbd_edpt_claim
 .text.usbd_edpt_release
                0x10006128       0x68 CMakeFiles/PiPico_NRF24.dir/C_/VSARM/sdk/pico/pico-sdk/lib/tinyusb/src/device/usbd.c.obj
                0x10006128                usbd_edpt_release
 .text.usbd_edpt_xfer
                0x10006190       0x80 CMakeFiles/PiPico_NRF24.dir/C_/VSARM/sdk/pico/pico-sdk/lib/tinyusb/src/device/usbd.c.obj
                0x10006190                usbd_edpt_xfer
 .text.usbd_edpt_stall
                0x10006210       0x40 CMakeFiles/PiPico_NRF24.dir/C_/VSARM/sdk/pico/pico-sdk/lib/tinyusb/src/device/usbd.c.obj
                0x10006210                usbd_edpt_stall
 .text.usbd_edpt_clear_stall
                0x10006250       0x40 CMakeFiles/PiPico_NRF24.dir/C_/VSARM/sdk/pico/pico-sdk/lib/tinyusb/src/device/usbd.c.obj
                0x10006250                usbd_edpt_clear_stall
 .text.usbd_edpt_stalled
                0x10006290       0x1c CMakeFiles/PiPico_NRF24.dir/C_/VSARM/sdk/pico/pico-sdk/lib/tinyusb/src/device/usbd.c.obj
                0x10006290                usbd_edpt_stalled
 .text.process_control_request
                0x100062ac      0x3b8 CMakeFiles/PiPico_NRF24.dir/C_/VSARM/sdk/pico/pico-sdk/lib/tinyusb/src/device/usbd.c.obj
 .text.tud_task
                0x10006664      0x218 CMakeFiles/PiPico_NRF24.dir/C_/VSARM/sdk/pico/pico-sdk/lib/tinyusb/src/device/usbd.c.obj
                0x10006664                tud_task
 .text._data_stage_xact
                0x1000687c       0x58 CMakeFiles/PiPico_NRF24.dir/C_/VSARM/sdk/pico/pico-sdk/lib/tinyusb/src/device/usbd_control.c.obj
 .text.tud_control_status
                0x100068d4       0x38 CMakeFiles/PiPico_NRF24.dir/C_/VSARM/sdk/pico/pico-sdk/lib/tinyusb/src/device/usbd_control.c.obj
                0x100068d4                tud_control_status
 .text.tud_control_xfer
                0x1000690c       0xa8 CMakeFiles/PiPico_NRF24.dir/C_/VSARM/sdk/pico/pico-sdk/lib/tinyusb/src/device/usbd_control.c.obj
                0x1000690c                tud_control_xfer
 .text.usbd_control_reset
                0x100069b4       0x14 CMakeFiles/PiPico_NRF24.dir/C_/VSARM/sdk/pico/pico-sdk/lib/tinyusb/src/device/usbd_control.c.obj
                0x100069b4                usbd_control_reset
 .text.usbd_control_set_complete_callback
                0x100069c8        0xc CMakeFiles/PiPico_NRF24.dir/C_/VSARM/sdk/pico/pico-sdk/lib/tinyusb/src/device/usbd_control.c.obj
                0x100069c8                usbd_control_set_complete_callback
 .text.usbd_control_set_request
                0x100069d4       0x1c CMakeFiles/PiPico_NRF24.dir/C_/VSARM/sdk/pico/pico-sdk/lib/tinyusb/src/device/usbd_control.c.obj
                0x100069d4                usbd_control_set_request
 .text.usbd_control_xfer_cb
                0x100069f0       0xfc CMakeFiles/PiPico_NRF24.dir/C_/VSARM/sdk/pico/pico-sdk/lib/tinyusb/src/device/usbd_control.c.obj
                0x100069f0                usbd_control_xfer_cb
 .text._prep_out_transaction
                0x10006aec       0x46 CMakeFiles/PiPico_NRF24.dir/C_/VSARM/sdk/pico/pico-sdk/lib/tinyusb/src/class/cdc/cdc_device.c.obj
 *fill*         0x10006b32        0x2 
 .text.tud_cdc_n_connected
                0x10006b34       0x44 CMakeFiles/PiPico_NRF24.dir/C_/VSARM/sdk/pico/pico-sdk/lib/tinyusb/src/class/cdc/cdc_device.c.obj
                0x10006b34                tud_cdc_n_connected
 .text.tud_cdc_n_available
                0x10006b78       0x18 CMakeFiles/PiPico_NRF24.dir/C_/VSARM/sdk/pico/pico-sdk/lib/tinyusb/src/class/cdc/cdc_device.c.obj
                0x10006b78                tud_cdc_n_available
 .text.tud_cdc_n_read
                0x10006b90       0x28 CMakeFiles/PiPico_NRF24.dir/C_/VSARM/sdk/pico/pico-sdk/lib/tinyusb/src/class/cdc/cdc_device.c.obj
                0x10006b90                tud_cdc_n_read
 .text.tud_cdc_n_write_flush
                0x10006bb8       0xcc CMakeFiles/PiPico_NRF24.dir/C_/VSARM/sdk/pico/pico-sdk/lib/tinyusb/src/class/cdc/cdc_device.c.obj
                0x10006bb8                tud_cdc_n_write_flush
 .text.tud_cdc_n_write
                0x10006c84       0x38 CMakeFiles/PiPico_NRF24.dir/C_/VSARM/sdk/pico/pico-sdk/lib/tinyusb/src/class/cdc/cdc_device.c.obj
                0x10006c84                tud_cdc_n_write
 .text.tud_cdc_n_write_available
                0x10006cbc       0x1c CMakeFiles/PiPico_NRF24.dir/C_/VSARM/sdk/pico/pico-sdk/lib/tinyusb/src/class/cdc/cdc_device.c.obj
                0x10006cbc                tud_cdc_n_write_available
 .text.cdcd_init
                0x10006cd8       0xbc CMakeFiles/PiPico_NRF24.dir/C_/VSARM/sdk/pico/pico-sdk/lib/tinyusb/src/class/cdc/cdc_device.c.obj
                0x10006cd8                cdcd_init
 .text.cdcd_reset
                0x10006d94       0x44 CMakeFiles/PiPico_NRF24.dir/C_/VSARM/sdk/pico/pico-sdk/lib/tinyusb/src/class/cdc/cdc_device.c.obj
                0x10006d94                cdcd_reset
 .text.cdcd_open
                0x10006dd8       0xf8 CMakeFiles/PiPico_NRF24.dir/C_/VSARM/sdk/pico/pico-sdk/lib/tinyusb/src/class/cdc/cdc_device.c.obj
                0x10006dd8                cdcd_open
 .text.cdcd_control_xfer_cb
                0x10006ed0      0x134 CMakeFiles/PiPico_NRF24.dir/C_/VSARM/sdk/pico/pico-sdk/lib/tinyusb/src/class/cdc/cdc_device.c.obj
                0x10006ed0                cdcd_control_xfer_cb
 .text.cdcd_xfer_cb
                0x10007004      0x144 CMakeFiles/PiPico_NRF24.dir/C_/VSARM/sdk/pico/pico-sdk/lib/tinyusb/src/class/cdc/cdc_device.c.obj
                0x10007004                cdcd_xfer_cb
 .text.tusb_init
                0x10007148       0x24 CMakeFiles/PiPico_NRF24.dir/C_/VSARM/sdk/pico/pico-sdk/lib/tinyusb/src/tusb.c.obj
                0x10007148                tusb_init
 .text.tusb_inited
                0x1000716c        0xe CMakeFiles/PiPico_NRF24.dir/C_/VSARM/sdk/pico/pico-sdk/lib/tinyusb/src/tusb.c.obj
                0x1000716c                tusb_inited
 *fill*         0x1000717a        0x2 
 .text.tu_edpt_validate
                0x1000717c       0xa8 CMakeFiles/PiPico_NRF24.dir/C_/VSARM/sdk/pico/pico-sdk/lib/tinyusb/src/tusb.c.obj
                0x1000717c                tu_edpt_validate
 .text.tu_edpt_bind_driver
                0x10007224       0x2a CMakeFiles/PiPico_NRF24.dir/C_/VSARM/sdk/pico/pico-sdk/lib/tinyusb/src/tusb.c.obj
                0x10007224                tu_edpt_bind_driver
 .text.advance_pointer
                0x1000724e       0x18 CMakeFiles/PiPico_NRF24.dir/C_/VSARM/sdk/pico/pico-sdk/lib/tinyusb/src/common/tusb_fifo.c.obj
 .text.backward_pointer
                0x10007266       0x1e CMakeFiles/PiPico_NRF24.dir/C_/VSARM/sdk/pico/pico-sdk/lib/tinyusb/src/common/tusb_fifo.c.obj
 .text.get_relative_pointer
                0x10007284       0x10 CMakeFiles/PiPico_NRF24.dir/C_/VSARM/sdk/pico/pico-sdk/lib/tinyusb/src/common/tusb_fifo.c.obj
 .text._tu_fifo_peek
                0x10007294       0x50 CMakeFiles/PiPico_NRF24.dir/C_/VSARM/sdk/pico/pico-sdk/lib/tinyusb/src/common/tusb_fifo.c.obj
 .text._ff_pull_const_addr
                0x100072e4       0x4c CMakeFiles/PiPico_NRF24.dir/C_/VSARM/sdk/pico/pico-sdk/lib/tinyusb/src/common/tusb_fifo.c.obj
 .text._ff_pull_n
                0x10007330      0x10c CMakeFiles/PiPico_NRF24.dir/C_/VSARM/sdk/pico/pico-sdk/lib/tinyusb/src/common/tusb_fifo.c.obj
 .text._tu_fifo_peek_n
                0x1000743c       0x5e CMakeFiles/PiPico_NRF24.dir/C_/VSARM/sdk/pico/pico-sdk/lib/tinyusb/src/common/tusb_fifo.c.obj
 .text._tu_fifo_read_n
                0x1000749a       0x4e CMakeFiles/PiPico_NRF24.dir/C_/VSARM/sdk/pico/pico-sdk/lib/tinyusb/src/common/tusb_fifo.c.obj
 .text._ff_push_const_addr
                0x100074e8       0x40 CMakeFiles/PiPico_NRF24.dir/C_/VSARM/sdk/pico/pico-sdk/lib/tinyusb/src/common/tusb_fifo.c.obj
 .text._ff_push_n
                0x10007528      0x108 CMakeFiles/PiPico_NRF24.dir/C_/VSARM/sdk/pico/pico-sdk/lib/tinyusb/src/common/tusb_fifo.c.obj
 .text._tu_fifo_write_n
                0x10007630       0x9e CMakeFiles/PiPico_NRF24.dir/C_/VSARM/sdk/pico/pico-sdk/lib/tinyusb/src/common/tusb_fifo.c.obj
 .text.tu_fifo_config
                0x100076ce       0x72 CMakeFiles/PiPico_NRF24.dir/C_/VSARM/sdk/pico/pico-sdk/lib/tinyusb/src/common/tusb_fifo.c.obj
                0x100076ce                tu_fifo_config
 .text.tu_fifo_count
                0x10007740       0x26 CMakeFiles/PiPico_NRF24.dir/C_/VSARM/sdk/pico/pico-sdk/lib/tinyusb/src/common/tusb_fifo.c.obj
                0x10007740                tu_fifo_count
 .text.tu_fifo_empty
                0x10007766       0x10 CMakeFiles/PiPico_NRF24.dir/C_/VSARM/sdk/pico/pico-sdk/lib/tinyusb/src/common/tusb_fifo.c.obj
                0x10007766                tu_fifo_empty
 .text.tu_fifo_remaining
                0x10007776       0x20 CMakeFiles/PiPico_NRF24.dir/C_/VSARM/sdk/pico/pico-sdk/lib/tinyusb/src/common/tusb_fifo.c.obj
                0x10007776                tu_fifo_remaining
 .text.tu_fifo_read
                0x10007796       0x42 CMakeFiles/PiPico_NRF24.dir/C_/VSARM/sdk/pico/pico-sdk/lib/tinyusb/src/common/tusb_fifo.c.obj
                0x10007796                tu_fifo_read
 .text.tu_fifo_read_n
                0x100077d8        0xa CMakeFiles/PiPico_NRF24.dir/C_/VSARM/sdk/pico/pico-sdk/lib/tinyusb/src/common/tusb_fifo.c.obj
                0x100077d8                tu_fifo_read_n
 .text.tu_fifo_write
                0x100077e2       0x6c CMakeFiles/PiPico_NRF24.dir/C_/VSARM/sdk/pico/pico-sdk/lib/tinyusb/src/common/tusb_fifo.c.obj
                0x100077e2                tu_fifo_write
 .text.tu_fifo_write_n
                0x1000784e        0xa CMakeFiles/PiPico_NRF24.dir/C_/VSARM/sdk/pico/pico-sdk/lib/tinyusb/src/common/tusb_fifo.c.obj
                0x1000784e                tu_fifo_write_n
 .text.tu_fifo_clear
                0x10007858       0x4c CMakeFiles/PiPico_NRF24.dir/C_/VSARM/sdk/pico/pico-sdk/lib/tinyusb/src/common/tusb_fifo.c.obj
                0x10007858                tu_fifo_clear
 .text.tu_fifo_set_overwritable
                0x100078a4       0x3c CMakeFiles/PiPico_NRF24.dir/C_/VSARM/sdk/pico/pico-sdk/lib/tinyusb/src/common/tusb_fifo.c.obj
                0x100078a4                tu_fifo_set_overwritable
 .text._retrieve_unique_id_on_boot
                0x100078e0       0x10 CMakeFiles/PiPico_NRF24.dir/C_/VSARM/sdk/pico/pico-sdk/src/rp2_common/pico_unique_id/unique_id.c.obj
 .text.pico_get_unique_board_id_string
                0x100078f0       0x60 CMakeFiles/PiPico_NRF24.dir/C_/VSARM/sdk/pico/pico-sdk/src/rp2_common/pico_unique_id/unique_id.c.obj
                0x100078f0                pico_get_unique_board_id_string
 .text.flash_get_unique_id
                0x10007950       0x46 CMakeFiles/PiPico_NRF24.dir/C_/VSARM/sdk/pico/pico-sdk/src/rp2_common/hardware_flash/flash.c.obj
                0x10007950                flash_get_unique_id
 .text.spi_set_baudrate
                0x10007996       0x92 CMakeFiles/PiPico_NRF24.dir/C_/VSARM/sdk/pico/pico-sdk/src/rp2_common/hardware_spi/spi.c.obj
                0x10007996                spi_set_baudrate
 .text.spi_init
                0x10007a28       0x68 CMakeFiles/PiPico_NRF24.dir/C_/VSARM/sdk/pico/pico-sdk/src/rp2_common/hardware_spi/spi.c.obj
                0x10007a28                spi_init
 .text.adc_init
                0x10007a90       0x34 CMakeFiles/PiPico_NRF24.dir/C_/VSARM/sdk/pico/pico-sdk/src/rp2_common/hardware_adc/adc.c.obj
                0x10007a90                adc_init
 .text.strlen   0x10007ac4       0x5c c:/vsarm/armcc/102021~1.10/bin/../lib/gcc/arm-none-eabi/10.3.1/../../../../arm-none-eabi/lib/thumb/v6-m/nofp\libg.a(lib_a-strlen-stub.o)
                0x10007ac4                strlen
 *(.fini)
 .fini          0x10007b20        0x4 c:/vsarm/armcc/102021~1.10/bin/../lib/gcc/arm-none-eabi/10.3.1/thumb/v6-m/nofp/crti.o
                0x10007b20                _fini
 *fill*         0x10007b24        0x4 
 .fini.__stub   0x10007b28       0x90 linker stubs
 *crtbegin.o(.ctors)
 *crtbegin?.o(.ctors)
 *(EXCLUDE_FILE(*crtend.o *crtend?.o) .ctors)
 *(SORT_BY_NAME(.ctors.*))
 *(.ctors)
 *crtbegin.o(.dtors)
 *crtbegin?.o(.dtors)
 *(EXCLUDE_FILE(*crtend.o *crtend?.o) .dtors)
 *(SORT_BY_NAME(.dtors.*))
 *(.dtors)
 *(.eh_frame*)
 .eh_frame      0x10007bb8        0x0 c:/vsarm/armcc/102021~1.10/bin/../lib/gcc/arm-none-eabi/10.3.1/thumb/v6-m/nofp/crtbegin.o
                0x10007bb8                . = ALIGN (0x4)

.glue_7         0x10007bb8        0x0
 .glue_7        0x10007bb8        0x0 linker stubs

.glue_7t        0x10007bb8        0x0
 .glue_7t       0x10007bb8        0x0 linker stubs

.vfp11_veneer   0x10007bb8        0x0
 .vfp11_veneer  0x10007bb8        0x0 linker stubs

.v4_bx          0x10007bb8        0x0
 .v4_bx         0x10007bb8        0x0 linker stubs

.iplt           0x10007bb8        0x0
 .iplt          0x10007bb8        0x0 c:/vsarm/armcc/102021~1.10/bin/../lib/gcc/arm-none-eabi/10.3.1/thumb/v6-m/nofp/crtbegin.o

.rodata         0x10007bb8     0x1714
 *(EXCLUDE_FILE(*libm.a: *libc.a:*lib_a-mem*.o *libgcc.a:) .rodata*)
 .rodata.main.str1.4
                0x10007bb8       0x2a CMakeFiles/PiPico_NRF24.dir/main.c.obj
 *fill*         0x10007be2        0x2 
 .rodata.nrf24_reset.str1.4
                0x10007be4        0xe CMakeFiles/PiPico_NRF24.dir/nrf24l01.c.obj
 *fill*         0x10007bf2        0x2 
 .rodata.spin_lock_claim_unused.str1.4
                0x10007bf4       0x1b CMakeFiles/PiPico_NRF24.dir/C_/VSARM/sdk/pico/pico-sdk/src/rp2_common/hardware_sync/sync.c.obj
 *fill*         0x10007c0f        0x1 
 .rodata.make_branch.str1.4
                0x10007c10       0x6d CMakeFiles/PiPico_NRF24.dir/C_/VSARM/sdk/pico/pico-sdk/src/rp2_common/hardware_irq/irq.c.obj
 *fill*         0x10007c7d        0x3 
 .rodata.insert_branch_and_link.str1.4
                0x10007c80       0x10 CMakeFiles/PiPico_NRF24.dir/C_/VSARM/sdk/pico/pico-sdk/src/rp2_common/hardware_irq/irq.c.obj
 .rodata.irq_set_exclusive_handler.str1.4
                0x10007c90       0x36 CMakeFiles/PiPico_NRF24.dir/C_/VSARM/sdk/pico/pico-sdk/src/rp2_common/hardware_irq/irq.c.obj
 *fill*         0x10007cc6        0x2 
 .rodata.irq_add_shared_handler.str1.4
                0x10007cc8       0xd9 CMakeFiles/PiPico_NRF24.dir/C_/VSARM/sdk/pico/pico-sdk/src/rp2_common/hardware_irq/irq.c.obj
 *fill*         0x10007da1        0x3 
 .rodata.irq_remove_handler.str1.4
                0x10007da4       0x2a CMakeFiles/PiPico_NRF24.dir/C_/VSARM/sdk/pico/pico-sdk/src/rp2_common/hardware_irq/irq.c.obj
 *fill*         0x10007dce        0x2 
 .rodata.irq_add_tail_to_free_list.str1.4
                0x10007dd0       0x3a CMakeFiles/PiPico_NRF24.dir/C_/VSARM/sdk/pico/pico-sdk/src/rp2_common/hardware_irq/irq.c.obj
 *fill*         0x10007e0a        0x2 
 .rodata.user_irq_claim_unused.str1.4
                0x10007e0c       0x1b CMakeFiles/PiPico_NRF24.dir/C_/VSARM/sdk/pico/pico-sdk/src/rp2_common/hardware_irq/irq.c.obj
 *fill*         0x10007e27        0x1 
 .rodata.__func__.0
                0x10007e28       0x1a CMakeFiles/PiPico_NRF24.dir/C_/VSARM/sdk/pico/pico-sdk/src/rp2_common/hardware_irq/irq.c.obj
 *fill*         0x10007e42        0x2 
 .rodata.__func__.1
                0x10007e44       0x17 CMakeFiles/PiPico_NRF24.dir/C_/VSARM/sdk/pico/pico-sdk/src/rp2_common/hardware_irq/irq.c.obj
 *fill*         0x10007e5b        0x1 
 .rodata.__func__.2
                0x10007e5c       0x13 CMakeFiles/PiPico_NRF24.dir/C_/VSARM/sdk/pico/pico-sdk/src/rp2_common/hardware_irq/irq.c.obj
 *fill*         0x10007e6f        0x1 
 .rodata.__func__.3
                0x10007e70        0xc CMakeFiles/PiPico_NRF24.dir/C_/VSARM/sdk/pico/pico-sdk/src/rp2_common/hardware_irq/irq.c.obj
 .rodata.__func__.4
                0x10007e7c        0xf CMakeFiles/PiPico_NRF24.dir/C_/VSARM/sdk/pico/pico-sdk/src/rp2_common/hardware_irq/irq.c.obj
 *fill*         0x10007e8b        0x1 
 .rodata.__func__.5
                0x10007e8c       0x17 CMakeFiles/PiPico_NRF24.dir/C_/VSARM/sdk/pico/pico-sdk/src/rp2_common/hardware_irq/irq.c.obj
 *fill*         0x10007ea3        0x1 
 .rodata.__func__.6
                0x10007ea4       0x1a CMakeFiles/PiPico_NRF24.dir/C_/VSARM/sdk/pico/pico-sdk/src/rp2_common/hardware_irq/irq.c.obj
 *fill*         0x10007ebe        0x2 
 .rodata.repeating_timer_callback.str1.4
                0x10007ec0       0x4b CMakeFiles/PiPico_NRF24.dir/C_/VSARM/sdk/pico/pico-sdk/src/common/pico_time/time.c.obj
 *fill*         0x10007f0b        0x1 
 .rodata.alarm_pool_dump_key.str1.4
                0x10007f0c       0x33 CMakeFiles/PiPico_NRF24.dir/C_/VSARM/sdk/pico/pico-sdk/src/common/pico_time/time.c.obj
 *fill*         0x10007f3f        0x1 
 .rodata.ph_add_child_node.str1.4
                0x10007f40       0x96 CMakeFiles/PiPico_NRF24.dir/C_/VSARM/sdk/pico/pico-sdk/src/common/pico_time/time.c.obj
 *fill*         0x10007fd6        0x2 
 .rodata.add_alarm_under_lock.str1.4
                0x10007fd8       0x28 CMakeFiles/PiPico_NRF24.dir/C_/VSARM/sdk/pico/pico-sdk/src/common/pico_time/time.c.obj
                                 0x2b (size before relaxing)
 .rodata.alarm_pool_alarm_callback.str1.4
                0x10008000       0xe6 CMakeFiles/PiPico_NRF24.dir/C_/VSARM/sdk/pico/pico-sdk/src/common/pico_time/time.c.obj
 *fill*         0x100080e6        0x2 
 .rodata.alarm_pool_get_default.str1.4
                0x100080e8       0x21 CMakeFiles/PiPico_NRF24.dir/C_/VSARM/sdk/pico/pico-sdk/src/common/pico_time/time.c.obj
 *fill*         0x10008109        0x3 
 .rodata.alarm_pool_cancel_alarm.str1.4
                0x1000810c       0x27 CMakeFiles/PiPico_NRF24.dir/C_/VSARM/sdk/pico/pico-sdk/src/common/pico_time/time.c.obj
 *fill*         0x10008133        0x1 
 .rodata.sleep_until.str1.4
                0x10008134       0x4d CMakeFiles/PiPico_NRF24.dir/C_/VSARM/sdk/pico/pico-sdk/src/common/pico_time/time.c.obj
 *fill*         0x10008181        0x3 
 .rodata.__func__.1
                0x10008184       0x18 CMakeFiles/PiPico_NRF24.dir/C_/VSARM/sdk/pico/pico-sdk/src/common/pico_time/time.c.obj
 .rodata.__func__.10
                0x1000819c       0x15 CMakeFiles/PiPico_NRF24.dir/C_/VSARM/sdk/pico/pico-sdk/src/common/pico_time/time.c.obj
 *fill*         0x100081b1        0x3 
 .rodata.__func__.11
                0x100081b4       0x1a CMakeFiles/PiPico_NRF24.dir/C_/VSARM/sdk/pico/pico-sdk/src/common/pico_time/time.c.obj
 *fill*         0x100081ce        0x2 
 .rodata.__func__.12
                0x100081d0        0xa CMakeFiles/PiPico_NRF24.dir/C_/VSARM/sdk/pico/pico-sdk/src/common/pico_time/time.c.obj
 *fill*         0x100081da        0x2 
 .rodata.__func__.3
                0x100081dc       0x17 CMakeFiles/PiPico_NRF24.dir/C_/VSARM/sdk/pico/pico-sdk/src/common/pico_time/time.c.obj
 *fill*         0x100081f3        0x1 
 .rodata.__func__.4
                0x100081f4       0x12 CMakeFiles/PiPico_NRF24.dir/C_/VSARM/sdk/pico/pico-sdk/src/common/pico_time/time.c.obj
 *fill*         0x10008206        0x2 
 .rodata.__func__.5
                0x10008208        0xd CMakeFiles/PiPico_NRF24.dir/C_/VSARM/sdk/pico/pico-sdk/src/common/pico_time/time.c.obj
 *fill*         0x10008215        0x3 
 .rodata.__func__.6
                0x10008218       0x12 CMakeFiles/PiPico_NRF24.dir/C_/VSARM/sdk/pico/pico-sdk/src/common/pico_time/time.c.obj
 *fill*         0x1000822a        0x2 
 .rodata.__func__.7
                0x1000822c        0xf CMakeFiles/PiPico_NRF24.dir/C_/VSARM/sdk/pico/pico-sdk/src/common/pico_time/time.c.obj
 *fill*         0x1000823b        0x1 
 .rodata.__func__.8
                0x1000823c        0xc CMakeFiles/PiPico_NRF24.dir/C_/VSARM/sdk/pico/pico-sdk/src/common/pico_time/time.c.obj
 .rodata.__func__.9
                0x10008248       0x15 CMakeFiles/PiPico_NRF24.dir/C_/VSARM/sdk/pico/pico-sdk/src/common/pico_time/time.c.obj
 *fill*         0x1000825d        0x3 
 .rodata.hardware_alarm_claim.str1.4
                0x10008260       0x22 CMakeFiles/PiPico_NRF24.dir/C_/VSARM/sdk/pico/pico-sdk/src/rp2_common/hardware_timer/timer.c.obj
 *fill*         0x10008282        0x2 
 .rodata.hardware_alarm_set_target.str1.4
                0x10008284       0x65 CMakeFiles/PiPico_NRF24.dir/C_/VSARM/sdk/pico/pico-sdk/src/rp2_common/hardware_timer/timer.c.obj
 *fill*         0x100082e9        0x3 
 .rodata.__func__.0
                0x100082ec       0x1a CMakeFiles/PiPico_NRF24.dir/C_/VSARM/sdk/pico/pico-sdk/src/rp2_common/hardware_timer/timer.c.obj
 .rodata.ph_add_child_node.str1.4
                0x10008306       0x96 CMakeFiles/PiPico_NRF24.dir/C_/VSARM/sdk/pico/pico-sdk/src/common/pico_util/pheap.c.obj
 *fill*         0x10008306        0x2 
 .rodata.ph_remove_any_head.str1.4
                0x10008308       0x8c CMakeFiles/PiPico_NRF24.dir/C_/VSARM/sdk/pico/pico-sdk/src/common/pico_util/pheap.c.obj
 .rodata.ph_remove_and_free_node.str1.4
                0x10008394       0x1e CMakeFiles/PiPico_NRF24.dir/C_/VSARM/sdk/pico/pico-sdk/src/common/pico_util/pheap.c.obj
                                 0x26 (size before relaxing)
 *fill*         0x100083b2        0x2 
 .rodata.__func__.0
                0x100083b4       0x18 CMakeFiles/PiPico_NRF24.dir/C_/VSARM/sdk/pico/pico-sdk/src/common/pico_util/pheap.c.obj
 .rodata.__func__.1
                0x100083cc       0x13 CMakeFiles/PiPico_NRF24.dir/C_/VSARM/sdk/pico/pico-sdk/src/common/pico_util/pheap.c.obj
 *fill*         0x100083df        0x1 
 .rodata.__func__.2
                0x100083e0       0x12 CMakeFiles/PiPico_NRF24.dir/C_/VSARM/sdk/pico/pico-sdk/src/common/pico_util/pheap.c.obj
 *fill*         0x100083f2        0x2 
 .rodata.__func__.3
                0x100083f4        0xc CMakeFiles/PiPico_NRF24.dir/C_/VSARM/sdk/pico/pico-sdk/src/common/pico_util/pheap.c.obj
 .rodata.str1.4
                0x10008400       0x89 CMakeFiles/PiPico_NRF24.dir/C_/VSARM/sdk/pico/pico-sdk/src/common/pico_sync/mutex.c.obj
                                 0xed (size before relaxing)
 *fill*         0x10008489        0x3 
 .rodata.__func__.1
                0x1000848c        0xb CMakeFiles/PiPico_NRF24.dir/C_/VSARM/sdk/pico/pico-sdk/src/common/pico_sync/mutex.c.obj
 *fill*         0x10008497        0x1 
 .rodata.__func__.3
                0x10008498       0x18 CMakeFiles/PiPico_NRF24.dir/C_/VSARM/sdk/pico/pico-sdk/src/common/pico_sync/mutex.c.obj
 .rodata.__func__.4
                0x100084b0       0x15 CMakeFiles/PiPico_NRF24.dir/C_/VSARM/sdk/pico/pico-sdk/src/common/pico_sync/mutex.c.obj
 *fill*         0x100084c5        0x3 
 .rodata.__assert_func.str1.4
                0x100084c8       0x3f CMakeFiles/PiPico_NRF24.dir/C_/VSARM/sdk/pico/pico-sdk/src/rp2_common/pico_runtime/runtime.c.obj
                                 0x43 (size before relaxing)
 *fill*         0x10008507        0x1 
 .rodata.runtime_init.str1.4
                0x10008508       0x61 CMakeFiles/PiPico_NRF24.dir/C_/VSARM/sdk/pico/pico-sdk/src/rp2_common/pico_runtime/runtime.c.obj
 *fill*         0x10008569        0x3 
 .rodata.panic.str1.4
                0x1000856c       0x10 CMakeFiles/PiPico_NRF24.dir/C_/VSARM/sdk/pico/pico-sdk/src/rp2_common/pico_runtime/runtime.c.obj
                                 0x12 (size before relaxing)
 .rodata.__func__.1
                0x1000857c        0xd CMakeFiles/PiPico_NRF24.dir/C_/VSARM/sdk/pico/pico-sdk/src/rp2_common/pico_runtime/runtime.c.obj
 *fill*         0x10008589        0x3 
 .rodata.clock_configure.str1.4
                0x1000858c       0x57 CMakeFiles/PiPico_NRF24.dir/C_/VSARM/sdk/pico/pico-sdk/src/rp2_common/hardware_clocks/clocks.c.obj
 *fill*         0x100085e3        0x1 
 .rodata.__func__.1
                0x100085e4       0x10 CMakeFiles/PiPico_NRF24.dir/C_/VSARM/sdk/pico/pico-sdk/src/rp2_common/hardware_clocks/clocks.c.obj
 .rodata.pll_init.str1.4
                0x100085f4      0x13b CMakeFiles/PiPico_NRF24.dir/C_/VSARM/sdk/pico/pico-sdk/src/rp2_common/hardware_pll/pll.c.obj
 *fill*         0x1000872f        0x1 
 .rodata.__func__.0
                0x10008730        0x9 CMakeFiles/PiPico_NRF24.dir/C_/VSARM/sdk/pico/pico-sdk/src/rp2_common/hardware_pll/pll.c.obj
 *fill*         0x10008739        0x3 
 .rodata._ftoa.str1.4
                0x1000873c       0x15 CMakeFiles/PiPico_NRF24.dir/C_/VSARM/sdk/pico/pico-sdk/src/rp2_common/pico_printf/printf.c.obj
 *fill*         0x10008751        0x3 
 .rodata._vsnprintf
                0x10008754      0x1e0 CMakeFiles/PiPico_NRF24.dir/C_/VSARM/sdk/pico/pico-sdk/src/rp2_common/pico_printf/printf.c.obj
 *fill*         0x10008934        0x4 
 .rodata.pow10.0
                0x10008938       0x50 CMakeFiles/PiPico_NRF24.dir/C_/VSARM/sdk/pico/pico-sdk/src/rp2_common/pico_printf/printf.c.obj
 .rodata.__aeabi_double_init.str1.4
                0x10008988       0xa8 CMakeFiles/PiPico_NRF24.dir/C_/VSARM/sdk/pico/pico-sdk/src/rp2_common/pico_double/double_init_rom.c.obj
 .rodata.__func__.0
                0x10008a30       0x14 CMakeFiles/PiPico_NRF24.dir/C_/VSARM/sdk/pico/pico-sdk/src/rp2_common/pico_double/double_init_rom.c.obj
 .rodata.__aeabi_float_init.str1.4
                0x10008a44       0x7a CMakeFiles/PiPico_NRF24.dir/C_/VSARM/sdk/pico/pico-sdk/src/rp2_common/pico_float/float_init_rom.c.obj
                                 0x7e (size before relaxing)
 *fill*         0x10008abe        0x2 
 .rodata.__func__.0
                0x10008ac0       0x13 CMakeFiles/PiPico_NRF24.dir/C_/VSARM/sdk/pico/pico-sdk/src/rp2_common/pico_float/float_init_rom.c.obj
 *fill*         0x10008ad3        0x1 
 .rodata.str1.4
                0x10008ad4       0x44 CMakeFiles/PiPico_NRF24.dir/C_/VSARM/sdk/pico/pico-sdk/src/rp2_common/pico_standard_link/binary_info.c.obj
 .rodata.__bi_44
                0x10008b18        0xc CMakeFiles/PiPico_NRF24.dir/C_/VSARM/sdk/pico/pico-sdk/src/rp2_common/pico_standard_link/binary_info.c.obj
 .rodata.__bi_75
                0x10008b24        0xc CMakeFiles/PiPico_NRF24.dir/C_/VSARM/sdk/pico/pico-sdk/src/rp2_common/pico_standard_link/binary_info.c.obj
 .rodata.__bi_81
                0x10008b30        0xc CMakeFiles/PiPico_NRF24.dir/C_/VSARM/sdk/pico/pico-sdk/src/rp2_common/pico_standard_link/binary_info.c.obj
 .rodata.crlf_str.3
                0x10008b3c        0x2 CMakeFiles/PiPico_NRF24.dir/C_/VSARM/sdk/pico/pico-sdk/src/rp2_common/pico_stdio/stdio.c.obj
 *fill*         0x10008b3e        0x2 
 .rodata._resetd_driver
                0x10008b40       0x18 CMakeFiles/PiPico_NRF24.dir/C_/VSARM/sdk/pico/pico-sdk/src/rp2_common/pico_stdio_usb/reset_interface.c.obj
 .rodata.timer_task.str1.4
                0x10008b58       0x6d CMakeFiles/PiPico_NRF24.dir/C_/VSARM/sdk/pico/pico-sdk/src/rp2_common/pico_stdio_usb/stdio_usb.c.obj
 .rodata.stdio_usb_init.str1.4
                0x10008bc5       0x61 CMakeFiles/PiPico_NRF24.dir/C_/VSARM/sdk/pico/pico-sdk/src/rp2_common/pico_stdio_usb/stdio_usb.c.obj
 *fill*         0x10008bc5        0x3 
 .rodata.str1.4
                0x10008bc8       0x13 CMakeFiles/PiPico_NRF24.dir/C_/VSARM/sdk/pico/pico-sdk/src/rp2_common/pico_stdio_usb/stdio_usb.c.obj
 *fill*         0x10008bdb        0x1 
 .rodata.__bi_118.2
                0x10008bdc        0xc CMakeFiles/PiPico_NRF24.dir/C_/VSARM/sdk/pico/pico-sdk/src/rp2_common/pico_stdio_usb/stdio_usb.c.obj
 .rodata.__func__.0
                0x10008be8       0x15 CMakeFiles/PiPico_NRF24.dir/C_/VSARM/sdk/pico/pico-sdk/src/rp2_common/pico_stdio_usb/stdio_usb.c.obj
 *fill*         0x10008bfd        0x3 
 .rodata.__func__.1
                0x10008c00        0xb CMakeFiles/PiPico_NRF24.dir/C_/VSARM/sdk/pico/pico-sdk/src/rp2_common/pico_stdio_usb/stdio_usb.c.obj
 *fill*         0x10008c0b        0x1 
 .rodata.str1.4
                0x10008c0c       0x2a CMakeFiles/PiPico_NRF24.dir/C_/VSARM/sdk/pico/pico-sdk/src/rp2_common/pico_stdio_usb/stdio_usb_descriptors.c.obj
 *fill*         0x10008c36        0x2 
 .rodata.usbd_desc_cfg
                0x10008c38       0x54 CMakeFiles/PiPico_NRF24.dir/C_/VSARM/sdk/pico/pico-sdk/src/rp2_common/pico_stdio_usb/stdio_usb_descriptors.c.obj
 .rodata.usbd_desc_device
                0x10008c8c       0x12 CMakeFiles/PiPico_NRF24.dir/C_/VSARM/sdk/pico/pico-sdk/src/rp2_common/pico_stdio_usb/stdio_usb_descriptors.c.obj
 *fill*         0x10008c9e        0x2 
 .rodata.usbd_desc_str
                0x10008ca0       0x18 CMakeFiles/PiPico_NRF24.dir/C_/VSARM/sdk/pico/pico-sdk/src/rp2_common/pico_stdio_usb/stdio_usb_descriptors.c.obj
 .rodata._hw_endpoint_alloc.str1.4
                0x10008cb8       0xb5 CMakeFiles/PiPico_NRF24.dir/C_/VSARM/sdk/pico/pico-sdk/lib/tinyusb/src/portable/raspberrypi/rp2040/dcd_rp2040.c.obj
 *fill*         0x10008d6d        0x3 
 .rodata.dcd_rp2040_irq.str1.4
                0x10008d70       0x14 CMakeFiles/PiPico_NRF24.dir/C_/VSARM/sdk/pico/pico-sdk/lib/tinyusb/src/portable/raspberrypi/rp2040/dcd_rp2040.c.obj
 .rodata.dcd_int_enable.str1.4
                0x10008d84        0xc CMakeFiles/PiPico_NRF24.dir/C_/VSARM/sdk/pico/pico-sdk/lib/tinyusb/src/portable/raspberrypi/rp2040/dcd_rp2040.c.obj
 .rodata.__func__.0
                0x10008d90        0xe CMakeFiles/PiPico_NRF24.dir/C_/VSARM/sdk/pico/pico-sdk/lib/tinyusb/src/portable/raspberrypi/rp2040/dcd_rp2040.c.obj
 *fill*         0x10008d9e        0x2 
 .rodata.__func__.1
                0x10008da0        0xe CMakeFiles/PiPico_NRF24.dir/C_/VSARM/sdk/pico/pico-sdk/lib/tinyusb/src/portable/raspberrypi/rp2040/dcd_rp2040.c.obj
 *fill*         0x10008dae        0x2 
 .rodata.__func__.3
                0x10008db0       0x10 CMakeFiles/PiPico_NRF24.dir/C_/VSARM/sdk/pico/pico-sdk/lib/tinyusb/src/portable/raspberrypi/rp2040/dcd_rp2040.c.obj
 .rodata.__func__.5
                0x10008dc0        0xf CMakeFiles/PiPico_NRF24.dir/C_/VSARM/sdk/pico/pico-sdk/lib/tinyusb/src/portable/raspberrypi/rp2040/dcd_rp2040.c.obj
 *fill*         0x10008dcf        0x1 
 .rodata.__func__.6
                0x10008dd0       0x13 CMakeFiles/PiPico_NRF24.dir/C_/VSARM/sdk/pico/pico-sdk/lib/tinyusb/src/portable/raspberrypi/rp2040/dcd_rp2040.c.obj
 *fill*         0x10008de3        0x1 
 .rodata.__func__.7
                0x10008de4        0x9 CMakeFiles/PiPico_NRF24.dir/C_/VSARM/sdk/pico/pico-sdk/lib/tinyusb/src/portable/raspberrypi/rp2040/dcd_rp2040.c.obj
 *fill*         0x10008ded        0x3 
 .rodata.sync_ep_buffer.str1.4
                0x10008df0       0x91 CMakeFiles/PiPico_NRF24.dir/C_/VSARM/sdk/pico/pico-sdk/lib/tinyusb/src/portable/raspberrypi/rp2040/rp2040_usb.c.obj
 *fill*         0x10008e81        0x3 
 .rodata._hw_endpoint_buffer_control_update32.str1.4
                0x10008e84       0x1f CMakeFiles/PiPico_NRF24.dir/C_/VSARM/sdk/pico/pico-sdk/lib/tinyusb/src/portable/raspberrypi/rp2040/rp2040_usb.c.obj
 *fill*         0x10008ea3        0x1 
 .rodata.hw_endpoint_xfer_start.str1.4
                0x10008ea4       0x38 CMakeFiles/PiPico_NRF24.dir/C_/VSARM/sdk/pico/pico-sdk/lib/tinyusb/src/portable/raspberrypi/rp2040/rp2040_usb.c.obj
 .rodata.hw_endpoint_xfer_continue.str1.4
                0x10008edc       0x29 CMakeFiles/PiPico_NRF24.dir/C_/VSARM/sdk/pico/pico-sdk/lib/tinyusb/src/portable/raspberrypi/rp2040/rp2040_usb.c.obj
 *fill*         0x10008f05        0x3 
 .rodata.str1.4
                0x10008f08        0x7 CMakeFiles/PiPico_NRF24.dir/C_/VSARM/sdk/pico/pico-sdk/lib/tinyusb/src/portable/raspberrypi/rp2040/rp2040_usb.c.obj
 *fill*         0x10008f0f        0x1 
 .rodata.__func__.0
                0x10008f10        0xf CMakeFiles/PiPico_NRF24.dir/C_/VSARM/sdk/pico/pico-sdk/lib/tinyusb/src/portable/raspberrypi/rp2040/rp2040_usb.c.obj
 *fill*         0x10008f1f        0x1 
 .rodata.process_set_config.str1.4
                0x10008f20       0x17 CMakeFiles/PiPico_NRF24.dir/C_/VSARM/sdk/pico/pico-sdk/lib/tinyusb/src/device/usbd.c.obj
 *fill*         0x10008f37        0x1 
 .rodata.process_get_descriptor
                0x10008f38       0x40 CMakeFiles/PiPico_NRF24.dir/C_/VSARM/sdk/pico/pico-sdk/lib/tinyusb/src/device/usbd.c.obj
 .rodata.process_control_request
                0x10008f78       0x28 CMakeFiles/PiPico_NRF24.dir/C_/VSARM/sdk/pico/pico-sdk/lib/tinyusb/src/device/usbd.c.obj
 .rodata.tud_task
                0x10008fa0       0x24 CMakeFiles/PiPico_NRF24.dir/C_/VSARM/sdk/pico/pico-sdk/lib/tinyusb/src/device/usbd.c.obj
 .rodata.__func__.2
                0x10008fc4        0xf CMakeFiles/PiPico_NRF24.dir/C_/VSARM/sdk/pico/pico-sdk/lib/tinyusb/src/device/usbd.c.obj
 *fill*         0x10008fd3        0x1 
 .rodata.__func__.3
                0x10008fd4        0xf CMakeFiles/PiPico_NRF24.dir/C_/VSARM/sdk/pico/pico-sdk/lib/tinyusb/src/device/usbd.c.obj
 *fill*         0x10008fe3        0x1 
 .rodata.__func__.4
                0x10008fe4       0x14 CMakeFiles/PiPico_NRF24.dir/C_/VSARM/sdk/pico/pico-sdk/lib/tinyusb/src/device/usbd.c.obj
 .rodata.__func__.5
                0x10008ff8       0x10 CMakeFiles/PiPico_NRF24.dir/C_/VSARM/sdk/pico/pico-sdk/lib/tinyusb/src/device/usbd.c.obj
 .rodata.__func__.6
                0x10009008       0x17 CMakeFiles/PiPico_NRF24.dir/C_/VSARM/sdk/pico/pico-sdk/lib/tinyusb/src/device/usbd.c.obj
 *fill*         0x1000901f        0x1 
 .rodata.__func__.7
                0x10009020       0x13 CMakeFiles/PiPico_NRF24.dir/C_/VSARM/sdk/pico/pico-sdk/lib/tinyusb/src/device/usbd.c.obj
 *fill*         0x10009033        0x1 
 .rodata.__func__.8
                0x10009034       0x18 CMakeFiles/PiPico_NRF24.dir/C_/VSARM/sdk/pico/pico-sdk/lib/tinyusb/src/device/usbd.c.obj
 .rodata.__func__.9
                0x1000904c        0x9 CMakeFiles/PiPico_NRF24.dir/C_/VSARM/sdk/pico/pico-sdk/lib/tinyusb/src/device/usbd.c.obj
 *fill*         0x10009055        0x3 
 .rodata._usbd_driver
                0x10009058       0x18 CMakeFiles/PiPico_NRF24.dir/C_/VSARM/sdk/pico/pico-sdk/lib/tinyusb/src/device/usbd.c.obj
 .rodata.tud_control_xfer.str1.4
                0x10009070       0x17 CMakeFiles/PiPico_NRF24.dir/C_/VSARM/sdk/pico/pico-sdk/lib/tinyusb/src/device/usbd_control.c.obj
 .rodata.__func__.0
                0x10009070       0x15 CMakeFiles/PiPico_NRF24.dir/C_/VSARM/sdk/pico/pico-sdk/lib/tinyusb/src/device/usbd_control.c.obj
 *fill*         0x10009085        0x3 
 .rodata.__func__.1
                0x10009088       0x11 CMakeFiles/PiPico_NRF24.dir/C_/VSARM/sdk/pico/pico-sdk/lib/tinyusb/src/device/usbd_control.c.obj
 .rodata.tud_cdc_n_write_flush.str1.4
                0x10009099       0x17 CMakeFiles/PiPico_NRF24.dir/C_/VSARM/sdk/pico/pico-sdk/lib/tinyusb/src/class/cdc/cdc_device.c.obj
 *fill*         0x10009099        0x3 
 .rodata.__func__.0
                0x1000909c        0xd CMakeFiles/PiPico_NRF24.dir/C_/VSARM/sdk/pico/pico-sdk/lib/tinyusb/src/class/cdc/cdc_device.c.obj
 *fill*         0x100090a9        0x3 
 .rodata.__func__.1
                0x100090ac        0xa CMakeFiles/PiPico_NRF24.dir/C_/VSARM/sdk/pico/pico-sdk/lib/tinyusb/src/class/cdc/cdc_device.c.obj
 *fill*         0x100090b6        0x2 
 .rodata.__func__.2
                0x100090b8       0x16 CMakeFiles/PiPico_NRF24.dir/C_/VSARM/sdk/pico/pico-sdk/lib/tinyusb/src/class/cdc/cdc_device.c.obj
 .rodata.tusb_init.str1.4
                0x100090ce       0x17 CMakeFiles/PiPico_NRF24.dir/C_/VSARM/sdk/pico/pico-sdk/lib/tinyusb/src/tusb.c.obj
 *fill*         0x100090ce        0x2 
 .rodata.__func__.0
                0x100090d0       0x11 CMakeFiles/PiPico_NRF24.dir/C_/VSARM/sdk/pico/pico-sdk/lib/tinyusb/src/tusb.c.obj
 *fill*         0x100090e1        0x3 
 .rodata.__func__.1
                0x100090e4        0xa CMakeFiles/PiPico_NRF24.dir/C_/VSARM/sdk/pico/pico-sdk/lib/tinyusb/src/tusb.c.obj
 *fill*         0x100090ee        0x2 
 .rodata.pico_get_unique_board_id_string.str1.4
                0x100090f0       0x4d CMakeFiles/PiPico_NRF24.dir/C_/VSARM/sdk/pico/pico-sdk/src/rp2_common/pico_unique_id/unique_id.c.obj
 *fill*         0x1000913d        0x3 
 .rodata.__func__.0
                0x10009140       0x20 CMakeFiles/PiPico_NRF24.dir/C_/VSARM/sdk/pico/pico-sdk/src/rp2_common/pico_unique_id/unique_id.c.obj
 .rodata.str1.4
                0x10009160      0x15a CMakeFiles/PiPico_NRF24.dir/C_/VSARM/sdk/pico/pico-sdk/src/rp2_common/hardware_flash/flash.c.obj
 *fill*         0x100092ba        0x2 
 .rodata.__func__.0
                0x100092bc        0xd CMakeFiles/PiPico_NRF24.dir/C_/VSARM/sdk/pico/pico-sdk/src/rp2_common/hardware_flash/flash.c.obj
                0x100092cc                . = ALIGN (0x4)
 *fill*         0x100092c9        0x3 
 *(SORT_BY_ALIGNMENT(SORT_BY_NAME(.flashdata*)))
                0x100092cc                . = ALIGN (0x4)

.rel.dyn        0x100092cc        0x0
 .rel.iplt      0x100092cc        0x0 c:/vsarm/armcc/102021~1.10/bin/../lib/gcc/arm-none-eabi/10.3.1/thumb/v6-m/nofp/crtbegin.o

.ARM.extab
 *(.ARM.extab* .gnu.linkonce.armextab.*)
                0x100092cc                __exidx_start = .

.ARM.exidx
 *(.ARM.exidx* .gnu.linkonce.armexidx.*)
                0x100092cc                __exidx_end = .
                0x100092cc                . = ALIGN (0x4)
                0x100092cc                __binary_info_start = .

.binary_info    0x100092cc       0x20
 *(.binary_info.keep.*)
 .binary_info.keep.__bi_ptr22
                0x100092cc        0x4 CMakeFiles/PiPico_NRF24.dir/C_/VSARM/sdk/pico/pico-sdk/src/rp2_common/pico_standard_link/binary_info.c.obj
 .binary_info.keep.__bi_ptr30
                0x100092d0        0x4 CMakeFiles/PiPico_NRF24.dir/C_/VSARM/sdk/pico/pico-sdk/src/rp2_common/pico_standard_link/binary_info.c.obj
 .binary_info.keep.__bi_ptr38
                0x100092d4        0x4 CMakeFiles/PiPico_NRF24.dir/C_/VSARM/sdk/pico/pico-sdk/src/rp2_common/pico_standard_link/binary_info.c.obj
 .binary_info.keep.__bi_ptr44
                0x100092d8        0x4 CMakeFiles/PiPico_NRF24.dir/C_/VSARM/sdk/pico/pico-sdk/src/rp2_common/pico_standard_link/binary_info.c.obj
 .binary_info.keep.__bi_ptr50
                0x100092dc        0x4 CMakeFiles/PiPico_NRF24.dir/C_/VSARM/sdk/pico/pico-sdk/src/rp2_common/pico_standard_link/binary_info.c.obj
 .binary_info.keep.__bi_ptr75
                0x100092e0        0x4 CMakeFiles/PiPico_NRF24.dir/C_/VSARM/sdk/pico/pico-sdk/src/rp2_common/pico_standard_link/binary_info.c.obj
 .binary_info.keep.__bi_ptr81
                0x100092e4        0x4 CMakeFiles/PiPico_NRF24.dir/C_/VSARM/sdk/pico/pico-sdk/src/rp2_common/pico_standard_link/binary_info.c.obj
 *(.binary_info.*)
 .binary_info.__bi_ptr118
                0x100092e8        0x4 CMakeFiles/PiPico_NRF24.dir/C_/VSARM/sdk/pico/pico-sdk/src/rp2_common/pico_stdio_usb/stdio_usb.c.obj
                0x100092ec                __binary_info_end = .
                0x100092ec                . = ALIGN (0x4)
                0x100092ec                __etext = .

.ram_vector_table
                0x20000000       0xc0
 *(.ram_vector_table)
 .ram_vector_table
                0x20000000       0xc0 CMakeFiles/PiPico_NRF24.dir/C_/VSARM/sdk/pico/pico-sdk/src/rp2_common/pico_runtime/runtime.c.obj
                0x20000000                ram_vector_table

.data           0x200000c0      0x4d0 load address 0x100092ec
                0x200000c0                __data_start__ = .
 *(vtable)
 *(.time_critical*)
 .time_critical.mutex_enter_blocking
                0x200000c0       0x48 CMakeFiles/PiPico_NRF24.dir/C_/VSARM/sdk/pico/pico-sdk/src/common/pico_sync/mutex.c.obj
                0x200000c0                mutex_enter_blocking
 .time_critical.mutex_try_enter
                0x20000108       0x46 CMakeFiles/PiPico_NRF24.dir/C_/VSARM/sdk/pico/pico-sdk/src/common/pico_sync/mutex.c.obj
                0x20000108                mutex_try_enter
 *fill*         0x2000014e        0x2 
 .time_critical.mutex_enter_block_until
                0x20000150       0x8c CMakeFiles/PiPico_NRF24.dir/C_/VSARM/sdk/pico/pico-sdk/src/common/pico_sync/mutex.c.obj
                0x20000150                mutex_enter_block_until
 .time_critical.mutex_enter_timeout_ms
                0x200001dc       0x74 CMakeFiles/PiPico_NRF24.dir/C_/VSARM/sdk/pico/pico-sdk/src/common/pico_sync/mutex.c.obj
                0x200001dc                mutex_enter_timeout_ms
 .time_critical.mutex_exit
                0x20000250       0x4c CMakeFiles/PiPico_NRF24.dir/C_/VSARM/sdk/pico/pico-sdk/src/common/pico_sync/mutex.c.obj
                0x20000250                mutex_exit
 .time_critical.flash_init_boot2_copyout
                0x2000029c       0x30 CMakeFiles/PiPico_NRF24.dir/C_/VSARM/sdk/pico/pico-sdk/src/rp2_common/hardware_flash/flash.c.obj
 .time_critical.flash_enable_xip_via_boot2
                0x200002cc       0x10 CMakeFiles/PiPico_NRF24.dir/C_/VSARM/sdk/pico/pico-sdk/src/rp2_common/hardware_flash/flash.c.obj
 .time_critical.flash_cs_force
                0x200002dc       0x28 CMakeFiles/PiPico_NRF24.dir/C_/VSARM/sdk/pico/pico-sdk/src/rp2_common/hardware_flash/flash.c.obj
 .time_critical.flash_do_cmd
                0x20000304       0xd8 CMakeFiles/PiPico_NRF24.dir/C_/VSARM/sdk/pico/pico-sdk/src/rp2_common/hardware_flash/flash.c.obj
                0x20000304                flash_do_cmd
 .time_critical.spi_write_blocking
                0x200003dc       0x3a CMakeFiles/PiPico_NRF24.dir/C_/VSARM/sdk/pico/pico-sdk/src/rp2_common/hardware_spi/spi.c.obj
                0x200003dc                spi_write_blocking
 .time_critical.spi_read_blocking
                0x20000416       0x3e CMakeFiles/PiPico_NRF24.dir/C_/VSARM/sdk/pico/pico-sdk/src/rp2_common/hardware_spi/spi.c.obj
                0x20000416                spi_read_blocking
 *(.text*)
 .text          0x20000454        0x4 c:/vsarm/armcc/102021~1.10/bin/../lib/gcc/arm-none-eabi/10.3.1/thumb/v6-m/nofp\libgcc.a(_dvmd_tls.o)
                0x20000454                __aeabi_idiv0
                0x20000454                __aeabi_ldiv0
 .text.__stub   0x20000458       0x40 linker stubs
                0x20000498                . = ALIGN (0x4)
 *(.rodata*)
                0x20000498                . = ALIGN (0x4)
 *(.data*)
 .data.striped_spin_lock_num
                0x20000498        0x1 CMakeFiles/PiPico_NRF24.dir/C_/VSARM/sdk/pico/pico-sdk/src/rp2_common/hardware_sync/sync.c.obj
 *fill*         0x20000499        0x3 
 .data          0x2000049c       0x48 CMakeFiles/PiPico_NRF24.dir/C_/VSARM/sdk/pico/pico-sdk/src/rp2_common/hardware_irq/irq_handler_chain.S.obj
                0x2000049c                irq_handler_chain_slots
                0x200004cc                irq_handler_chain_first_slot
                0x200004d6                irq_handler_chain_remove_tail
 .data.default_alarm_pool
                0x200004e4       0x18 CMakeFiles/PiPico_NRF24.dir/C_/VSARM/sdk/pico/pico-sdk/src/common/pico_time/time.c.obj
 .data.default_alarm_pool_heap
                0x200004fc       0x10 CMakeFiles/PiPico_NRF24.dir/C_/VSARM/sdk/pico/pico-sdk/src/common/pico_time/time.c.obj
 *fill*         0x2000050c        0x4 
 .data.aeabi_bits_funcs
                0x20000510       0x10 CMakeFiles/PiPico_NRF24.dir/C_/VSARM/sdk/pico/pico-sdk/src/rp2_common/pico_bit_ops/bit_ops_aeabi.S.obj
                0x20000510                aeabi_bits_funcs
                0x20000520                aeabi_bits_funcs_end
 .data.aeabi_mem_funcs
                0x20000520       0x10 CMakeFiles/PiPico_NRF24.dir/C_/VSARM/sdk/pico/pico-sdk/src/rp2_common/pico_mem_ops/mem_ops_aeabi.S.obj
                0x20000520                aeabi_mem_funcs
                0x20000530                aeabi_mem_funcs_end
 .data.stdio_usb
                0x20000530       0x14 CMakeFiles/PiPico_NRF24.dir/C_/VSARM/sdk/pico/pico-sdk/src/rp2_common/pico_stdio_usb/stdio_usb.c.obj
                0x20000530                stdio_usb
 .data.ep_dir_string
                0x20000544        0x8 CMakeFiles/PiPico_NRF24.dir/C_/VSARM/sdk/pico/pico-sdk/lib/tinyusb/src/portable/raspberrypi/rp2040/rp2040_usb.c.obj
                0x20000544                ep_dir_string
 .data._usbd_qdef
                0x2000054c       0x24 CMakeFiles/PiPico_NRF24.dir/C_/VSARM/sdk/pico/pico-sdk/lib/tinyusb/src/device/usbd.c.obj
                0x2000054c                _usbd_qdef
                0x20000570                . = ALIGN (0x4)
 *(.after_data.*)
                0x20000570                . = ALIGN (0x4)
                0x20000570                PROVIDE (__mutex_array_start = .)
 *(SORT_BY_NAME(.mutex_array.*))
 *(.mutex_array)
 .mutex_array   0x20000570        0x8 CMakeFiles/PiPico_NRF24.dir/C_/VSARM/sdk/pico/pico-sdk/src/rp2_common/pico_stdio/stdio.c.obj
                0x20000578                PROVIDE (__mutex_array_end = .)
                0x20000578                . = ALIGN (0x4)
                0x20000578                PROVIDE (__preinit_array_start = .)
 *(SORT_BY_NAME(.preinit_array.*))
 .preinit_array.00001